/home/ubuntu/hls4ml_tests/my_hls_prj/myproject_prj/solution1/.autopilot/db/myproject.pp.0.cpp:28351:7: warning: Added loop label VITIS_LOOP_1223_1:   [xilinx-label-all-loops]
      for (i = 0; i < __N - 1; ++i) {
      ^~~
      VITIS_LOOP_1223_1: 
/home/ubuntu/hls4ml_tests/my_hls_prj/myproject_prj/solution1/.autopilot/db/myproject.pp.0.cpp:28351:7: note: FIX-IT applied suggested code changes
/home/ubuntu/hls4ml_tests/my_hls_prj/myproject_prj/solution1/.autopilot/db/myproject.pp.0.cpp:29325:5: warning: Added loop label VITIS_LOOP_676_1:   [xilinx-label-all-loops]
    for (unsigned i = low; i != high; ++i) {
    ^~~
    VITIS_LOOP_676_1: 
/home/ubuntu/hls4ml_tests/my_hls_prj/myproject_prj/solution1/.autopilot/db/myproject.pp.0.cpp:29325:5: note: FIX-IT applied suggested code changes
/home/ubuntu/hls4ml_tests/my_hls_prj/myproject_prj/solution1/.autopilot/db/myproject.pp.0.cpp:29339:5: warning: Added loop label VITIS_LOOP_690_1:   [xilinx-label-all-loops]
    for (unsigned i = low; i != high; ++i) {
    ^~~
    VITIS_LOOP_690_1: 
/home/ubuntu/hls4ml_tests/my_hls_prj/myproject_prj/solution1/.autopilot/db/myproject.pp.0.cpp:29339:5: note: FIX-IT applied suggested code changes
/home/ubuntu/hls4ml_tests/my_hls_prj/myproject_prj/solution1/.autopilot/db/myproject.pp.0.cpp:29353:5: warning: Added loop label VITIS_LOOP_704_1:   [xilinx-label-all-loops]
    for (unsigned i = low; i != high; ++i) {
    ^~~
    VITIS_LOOP_704_1: 
/home/ubuntu/hls4ml_tests/my_hls_prj/myproject_prj/solution1/.autopilot/db/myproject.pp.0.cpp:29353:5: note: FIX-IT applied suggested code changes
/home/ubuntu/hls4ml_tests/my_hls_prj/myproject_prj/solution1/.autopilot/db/myproject.pp.0.cpp:30970:7: warning: Added loop label VITIS_LOOP_1247_1:   [xilinx-label-all-loops]
      for (i = 0; i < __N - 1; ++i) {
      ^~~
      VITIS_LOOP_1247_1: 
/home/ubuntu/hls4ml_tests/my_hls_prj/myproject_prj/solution1/.autopilot/db/myproject.pp.0.cpp:30970:7: note: FIX-IT applied suggested code changes
/home/ubuntu/hls4ml_tests/my_hls_prj/myproject_prj/solution1/.autopilot/db/myproject.pp.0.cpp:32953:9: warning: Added loop label VITIS_LOOP_27_1:   [xilinx-label-all-loops]
        for (unsigned i = 0; i < N; i++) {
        ^~~
        VITIS_LOOP_27_1: 
/home/ubuntu/hls4ml_tests/my_hls_prj/myproject_prj/solution1/.autopilot/db/myproject.pp.0.cpp:32953:9: note: FIX-IT applied suggested code changes
/home/ubuntu/hls4ml_tests/my_hls_prj/myproject_prj/solution1/.autopilot/db/myproject.pp.0.cpp:32966:9: warning: Added loop label VITIS_LOOP_40_1:   [xilinx-label-all-loops]
        for (size_t i = 0; i < N; i++) {
        ^~~
        VITIS_LOOP_40_1: 
/home/ubuntu/hls4ml_tests/my_hls_prj/myproject_prj/solution1/.autopilot/db/myproject.pp.0.cpp:32966:9: note: FIX-IT applied suggested code changes
/home/ubuntu/hls4ml_tests/my_hls_prj/myproject_prj/solution1/.autopilot/db/myproject.pp.0.cpp:55856:5: warning: Added loop label VITIS_LOOP_265_1:   [xilinx-label-all-loops]
    for (typename std::vector<src_T>::const_iterator i = in_begin; i != in_end; ++i) {
    ^~~
    VITIS_LOOP_265_1: 
/home/ubuntu/hls4ml_tests/my_hls_prj/myproject_prj/solution1/.autopilot/db/myproject.pp.0.cpp:55856:5: note: FIX-IT applied suggested code changes
/home/ubuntu/hls4ml_tests/my_hls_prj/myproject_prj/solution1/.autopilot/db/myproject.pp.0.cpp:55866:5: warning: Added loop label VITIS_LOOP_275_1:   [xilinx-label-all-loops]
    for (auto i = 0; i < SIZE; i++)
    ^~~
    VITIS_LOOP_275_1: 
/home/ubuntu/hls4ml_tests/my_hls_prj/myproject_prj/solution1/.autopilot/db/myproject.pp.0.cpp:55866:5: note: FIX-IT applied suggested code changes
/home/ubuntu/hls4ml_tests/my_hls_prj/myproject_prj/solution1/.autopilot/db/myproject.pp.0.cpp:55877:5: warning: Added loop label VITIS_LOOP_286_1:   [xilinx-label-all-loops]
    for (int i = 0; i < SIZE; i++) {
    ^~~
    VITIS_LOOP_286_1: 
/home/ubuntu/hls4ml_tests/my_hls_prj/myproject_prj/solution1/.autopilot/db/myproject.pp.0.cpp:55877:5: note: FIX-IT applied suggested code changes
/home/ubuntu/hls4ml_tests/my_hls_prj/myproject_prj/solution1/.autopilot/db/myproject.pp.0.cpp:55884:5: warning: Added loop label VITIS_LOOP_293_1:   [xilinx-label-all-loops]
    for (int i = 0; i < SIZE / res_T::size; i++) {
    ^~~
    VITIS_LOOP_293_1: 
/home/ubuntu/hls4ml_tests/my_hls_prj/myproject_prj/solution1/.autopilot/db/myproject.pp.0.cpp:55884:5: note: FIX-IT applied suggested code changes
/home/ubuntu/hls4ml_tests/my_hls_prj/myproject_prj/solution1/.autopilot/db/myproject.pp.0.cpp:55886:9: warning: Added loop label VITIS_LOOP_295_2:   [xilinx-label-all-loops]
        for (int j = 0; j < res_T::size; j++) {
        ^~~
        VITIS_LOOP_295_2: 
/home/ubuntu/hls4ml_tests/my_hls_prj/myproject_prj/solution1/.autopilot/db/myproject.pp.0.cpp:55886:9: note: FIX-IT applied suggested code changes
/home/ubuntu/hls4ml_tests/my_hls_prj/myproject_prj/solution1/.autopilot/db/myproject.pp.0.cpp:55898:5: warning: Added loop label VITIS_LOOP_307_1:   [xilinx-label-all-loops]
    for (int i = 0; i < SIZE / data_T::size; i++) {
    ^~~
    VITIS_LOOP_307_1: 
/home/ubuntu/hls4ml_tests/my_hls_prj/myproject_prj/solution1/.autopilot/db/myproject.pp.0.cpp:55898:5: note: FIX-IT applied suggested code changes
/home/ubuntu/hls4ml_tests/my_hls_prj/myproject_prj/solution1/.autopilot/db/myproject.pp.0.cpp:55900:9: warning: Added loop label VITIS_LOOP_309_2:   [xilinx-label-all-loops]
        for (int j = 0; j < data_T::size; j++) {
        ^~~
        VITIS_LOOP_309_2: 
/home/ubuntu/hls4ml_tests/my_hls_prj/myproject_prj/solution1/.autopilot/db/myproject.pp.0.cpp:55900:9: note: FIX-IT applied suggested code changes
/home/ubuntu/hls4ml_tests/my_hls_prj/myproject_prj/solution1/.autopilot/db/myproject.pp.0.cpp:55915:5: warning: Added loop label VITIS_LOOP_324_1:   [xilinx-label-all-loops]
    for (int ii = 0; ii < nrows; ii++) {
    ^~~
    VITIS_LOOP_324_1: 
/home/ubuntu/hls4ml_tests/my_hls_prj/myproject_prj/solution1/.autopilot/db/myproject.pp.0.cpp:55915:5: note: FIX-IT applied suggested code changes
/home/ubuntu/hls4ml_tests/my_hls_prj/myproject_prj/solution1/.autopilot/db/myproject.pp.0.cpp:55935:5: warning: Added loop label VITIS_LOOP_344_1:   [xilinx-label-all-loops]
    for (int ii = 0; ii < nrows; ii++) {
    ^~~
    VITIS_LOOP_344_1: 
/home/ubuntu/hls4ml_tests/my_hls_prj/myproject_prj/solution1/.autopilot/db/myproject.pp.0.cpp:55935:5: note: FIX-IT applied suggested code changes
/home/ubuntu/hls4ml_tests/my_hls_prj/myproject_prj/solution1/.autopilot/db/myproject.pp.0.cpp:55936:9: warning: Added loop label VITIS_LOOP_345_2:   [xilinx-label-all-loops]
        for (int jj = 0; jj < ncols; jj++) {
        ^~~
        VITIS_LOOP_345_2: 
/home/ubuntu/hls4ml_tests/my_hls_prj/myproject_prj/solution1/.autopilot/db/myproject.pp.0.cpp:55936:9: note: FIX-IT applied suggested code changes
/home/ubuntu/hls4ml_tests/my_hls_prj/myproject_prj/solution1/.autopilot/db/myproject.pp.0.cpp:55951:5: warning: Added loop label VITIS_LOOP_360_1:   [xilinx-label-all-loops]
    for (int ii = 0; ii < N_IN; ii++) {
    ^~~
    VITIS_LOOP_360_1: 
/home/ubuntu/hls4ml_tests/my_hls_prj/myproject_prj/solution1/.autopilot/db/myproject.pp.0.cpp:55951:5: note: FIX-IT applied suggested code changes
/home/ubuntu/hls4ml_tests/my_hls_prj/myproject_prj/solution1/.autopilot/db/myproject.pp.0.cpp:55958:5: warning: Added loop label VITIS_LOOP_367_1:   [xilinx-label-all-loops]
    for (int ii = 0; ii < N_IN; ii++) {
    ^~~
    VITIS_LOOP_367_1: 
/home/ubuntu/hls4ml_tests/my_hls_prj/myproject_prj/solution1/.autopilot/db/myproject.pp.0.cpp:55958:5: note: FIX-IT applied suggested code changes
/home/ubuntu/hls4ml_tests/my_hls_prj/myproject_prj/solution1/.autopilot/db/myproject.pp.0.cpp:56268:5: warning: Added loop label VITIS_LOOP_136_1:   [xilinx-label-all-loops]
    for (int ii = 0; ii < CONFIG_T::out_width / CONFIG_T::reuse_factor; ii++) {
    ^~~
    VITIS_LOOP_136_1: 
/home/ubuntu/hls4ml_tests/my_hls_prj/myproject_prj/solution1/.autopilot/db/myproject.pp.0.cpp:56268:5: note: FIX-IT applied suggested code changes
/home/ubuntu/hls4ml_tests/my_hls_prj/myproject_prj/solution1/.autopilot/db/myproject.pp.0.cpp:56269:9: warning: Added loop label VITIS_LOOP_137_2:   [xilinx-label-all-loops]
        for (int ff = 0; ff < CONFIG_T::n_filt; ff++) {
        ^~~
        VITIS_LOOP_137_2: 
/home/ubuntu/hls4ml_tests/my_hls_prj/myproject_prj/solution1/.autopilot/db/myproject.pp.0.cpp:56269:9: note: FIX-IT applied suggested code changes
/home/ubuntu/hls4ml_tests/my_hls_prj/myproject_prj/solution1/.autopilot/db/myproject.pp.0.cpp:56290:5: warning: Added loop label VITIS_LOOP_158_3:   [xilinx-label-all-loops]
    for (int ii = 0; ii < CONFIG_T::out_width / CONFIG_T::reuse_factor; ii++) {
    ^~~
    VITIS_LOOP_158_3: 
/home/ubuntu/hls4ml_tests/my_hls_prj/myproject_prj/solution1/.autopilot/db/myproject.pp.0.cpp:56290:5: note: FIX-IT applied suggested code changes
/home/ubuntu/hls4ml_tests/my_hls_prj/myproject_prj/solution1/.autopilot/db/myproject.pp.0.cpp:56291:9: warning: Added loop label VITIS_LOOP_159_4:   [xilinx-label-all-loops]
        for (int ff = 0; ff < CONFIG_T::n_filt; ff++) {
        ^~~
        VITIS_LOOP_159_4: 
/home/ubuntu/hls4ml_tests/my_hls_prj/myproject_prj/solution1/.autopilot/db/myproject.pp.0.cpp:56291:9: note: FIX-IT applied suggested code changes
/home/ubuntu/hls4ml_tests/my_hls_prj/myproject_prj/solution1/.autopilot/db/myproject.pp.0.cpp:56400:2: warning: Added loop label VITIS_LOOP_31_1:   [xilinx-label-all-loops]
 for (int ii = 0; ii < CONFIG_T::n_in; ii++) {
 ^~~
 VITIS_LOOP_31_1: 
/home/ubuntu/hls4ml_tests/my_hls_prj/myproject_prj/solution1/.autopilot/db/myproject.pp.0.cpp:56400:2: note: FIX-IT applied suggested code changes
/home/ubuntu/hls4ml_tests/my_hls_prj/myproject_prj/solution1/.autopilot/db/myproject.pp.0.cpp:56412:5: warning: Added loop label VITIS_LOOP_43_1:   [xilinx-label-all-loops]
    for (int ii = 0; ii < CONFIG_T::n_in; ii++) {
    ^~~
    VITIS_LOOP_43_1: 
/home/ubuntu/hls4ml_tests/my_hls_prj/myproject_prj/solution1/.autopilot/db/myproject.pp.0.cpp:56412:5: note: FIX-IT applied suggested code changes
/home/ubuntu/hls4ml_tests/my_hls_prj/myproject_prj/solution1/.autopilot/db/myproject.pp.0.cpp:56426:5: warning: Added loop label VITIS_LOOP_57_1:   [xilinx-label-all-loops]
    for (int ii = 0; ii < CONFIG_T::n_in; ii++) {
    ^~~
    VITIS_LOOP_57_1: 
/home/ubuntu/hls4ml_tests/my_hls_prj/myproject_prj/solution1/.autopilot/db/myproject.pp.0.cpp:56426:5: note: FIX-IT applied suggested code changes
/home/ubuntu/hls4ml_tests/my_hls_prj/myproject_prj/solution1/.autopilot/db/myproject.pp.0.cpp:56453:5: warning: Added loop label VITIS_LOOP_84_1:   [xilinx-label-all-loops]
    for (int ii = 0; ii < N_TABLE; ii++) {
    ^~~
    VITIS_LOOP_84_1: 
/home/ubuntu/hls4ml_tests/my_hls_prj/myproject_prj/solution1/.autopilot/db/myproject.pp.0.cpp:56453:5: note: FIX-IT applied suggested code changes
/home/ubuntu/hls4ml_tests/my_hls_prj/myproject_prj/solution1/.autopilot/db/myproject.pp.0.cpp:56483:5: warning: Added loop label VITIS_LOOP_114_1:   [xilinx-label-all-loops]
    for (int ii = 0; ii < CONFIG_T::n_in; ii++) {
    ^~~
    VITIS_LOOP_114_1: 
/home/ubuntu/hls4ml_tests/my_hls_prj/myproject_prj/solution1/.autopilot/db/myproject.pp.0.cpp:56483:5: note: FIX-IT applied suggested code changes
/home/ubuntu/hls4ml_tests/my_hls_prj/myproject_prj/solution1/.autopilot/db/myproject.pp.0.cpp:56520:5: warning: Added loop label VITIS_LOOP_151_1:   [xilinx-label-all-loops]
    for (unsigned i = 0; i < CONFIG_T::table_size; i++) {
    ^~~
    VITIS_LOOP_151_1: 
/home/ubuntu/hls4ml_tests/my_hls_prj/myproject_prj/solution1/.autopilot/db/myproject.pp.0.cpp:56520:5: note: FIX-IT applied suggested code changes
/home/ubuntu/hls4ml_tests/my_hls_prj/myproject_prj/solution1/.autopilot/db/myproject.pp.0.cpp:56531:5: warning: Added loop label VITIS_LOOP_162_1:   [xilinx-label-all-loops]
    for (unsigned i = 0; i < CONFIG_T::table_size; i++) {
    ^~~
    VITIS_LOOP_162_1: 
/home/ubuntu/hls4ml_tests/my_hls_prj/myproject_prj/solution1/.autopilot/db/myproject.pp.0.cpp:56531:5: note: FIX-IT applied suggested code changes
/home/ubuntu/hls4ml_tests/my_hls_prj/myproject_prj/solution1/.autopilot/db/myproject.pp.0.cpp:56564:5: warning: Added loop label VITIS_LOOP_195_1:   [xilinx-label-all-loops]
    for (unsigned i = 0; i < CONFIG_T::n_in; i++) {
    ^~~
    VITIS_LOOP_195_1: 
/home/ubuntu/hls4ml_tests/my_hls_prj/myproject_prj/solution1/.autopilot/db/myproject.pp.0.cpp:56564:5: note: FIX-IT applied suggested code changes
/home/ubuntu/hls4ml_tests/my_hls_prj/myproject_prj/solution1/.autopilot/db/myproject.pp.0.cpp:56578:5: warning: Added loop label VITIS_LOOP_209_2:   [xilinx-label-all-loops]
    for (unsigned i = 0; i < CONFIG_T::n_in; i++) {
    ^~~
    VITIS_LOOP_209_2: 
/home/ubuntu/hls4ml_tests/my_hls_prj/myproject_prj/solution1/.autopilot/db/myproject.pp.0.cpp:56578:5: note: FIX-IT applied suggested code changes
/home/ubuntu/hls4ml_tests/my_hls_prj/myproject_prj/solution1/.autopilot/db/myproject.pp.0.cpp:56612:5: warning: Added loop label VITIS_LOOP_243_1:   [xilinx-label-all-loops]
    for (unsigned i = 0; i < CONFIG_T::n_in; i++) {
    ^~~
    VITIS_LOOP_243_1: 
/home/ubuntu/hls4ml_tests/my_hls_prj/myproject_prj/solution1/.autopilot/db/myproject.pp.0.cpp:56612:5: note: FIX-IT applied suggested code changes
/home/ubuntu/hls4ml_tests/my_hls_prj/myproject_prj/solution1/.autopilot/db/myproject.pp.0.cpp:56621:5: warning: Added loop label VITIS_LOOP_252_2:   [xilinx-label-all-loops]
    for (unsigned i = 0; i < CONFIG_T::n_in; i++) {
    ^~~
    VITIS_LOOP_252_2: 
/home/ubuntu/hls4ml_tests/my_hls_prj/myproject_prj/solution1/.autopilot/db/myproject.pp.0.cpp:56621:5: note: FIX-IT applied suggested code changes
/home/ubuntu/hls4ml_tests/my_hls_prj/myproject_prj/solution1/.autopilot/db/myproject.pp.0.cpp:56635:5: warning: Added loop label VITIS_LOOP_266_3:   [xilinx-label-all-loops]
    for (unsigned i = 0; i < CONFIG_T::n_in; i++) {
    ^~~
    VITIS_LOOP_266_3: 
/home/ubuntu/hls4ml_tests/my_hls_prj/myproject_prj/solution1/.autopilot/db/myproject.pp.0.cpp:56635:5: note: FIX-IT applied suggested code changes
/home/ubuntu/hls4ml_tests/my_hls_prj/myproject_prj/solution1/.autopilot/db/myproject.pp.0.cpp:56642:5: warning: Added loop label VITIS_LOOP_273_1:   [xilinx-label-all-loops]
    for (int ii = 0; ii < N_TABLE; ii++) {
    ^~~
    VITIS_LOOP_273_1: 
/home/ubuntu/hls4ml_tests/my_hls_prj/myproject_prj/solution1/.autopilot/db/myproject.pp.0.cpp:56642:5: note: FIX-IT applied suggested code changes
/home/ubuntu/hls4ml_tests/my_hls_prj/myproject_prj/solution1/.autopilot/db/myproject.pp.0.cpp:56655:5: warning: Added loop label VITIS_LOOP_286_1:   [xilinx-label-all-loops]
    for (int ii = 0; ii < N_TABLE; ii++) {
    ^~~
    VITIS_LOOP_286_1: 
/home/ubuntu/hls4ml_tests/my_hls_prj/myproject_prj/solution1/.autopilot/db/myproject.pp.0.cpp:56655:5: note: FIX-IT applied suggested code changes
/home/ubuntu/hls4ml_tests/my_hls_prj/myproject_prj/solution1/.autopilot/db/myproject.pp.0.cpp:56692:5: warning: Added loop label VITIS_LOOP_323_1:   [xilinx-label-all-loops]
    for (int ii = 0; ii < CONFIG_T::n_in; ii++) {
    ^~~
    VITIS_LOOP_323_1: 
/home/ubuntu/hls4ml_tests/my_hls_prj/myproject_prj/solution1/.autopilot/db/myproject.pp.0.cpp:56692:5: note: FIX-IT applied suggested code changes
/home/ubuntu/hls4ml_tests/my_hls_prj/myproject_prj/solution1/.autopilot/db/myproject.pp.0.cpp:56697:5: warning: Added loop label VITIS_LOOP_328_2:   [xilinx-label-all-loops]
    for (int ii = 0; ii < CONFIG_T::n_in; ii++) {
    ^~~
    VITIS_LOOP_328_2: 
/home/ubuntu/hls4ml_tests/my_hls_prj/myproject_prj/solution1/.autopilot/db/myproject.pp.0.cpp:56697:5: note: FIX-IT applied suggested code changes
/home/ubuntu/hls4ml_tests/my_hls_prj/myproject_prj/solution1/.autopilot/db/myproject.pp.0.cpp:56698:9: warning: Added loop label VITIS_LOOP_329_3:   [xilinx-label-all-loops]
        for (int jj = 0; jj < CONFIG_T::n_in; jj++) {
        ^~~
        VITIS_LOOP_329_3: 
/home/ubuntu/hls4ml_tests/my_hls_prj/myproject_prj/solution1/.autopilot/db/myproject.pp.0.cpp:56698:9: note: FIX-IT applied suggested code changes
/home/ubuntu/hls4ml_tests/my_hls_prj/myproject_prj/solution1/.autopilot/db/myproject.pp.0.cpp:56715:5: warning: Added loop label VITIS_LOOP_346_4:   [xilinx-label-all-loops]
    for (int ii = 0; ii < CONFIG_T::n_in; ii++) {
    ^~~
    VITIS_LOOP_346_4: 
/home/ubuntu/hls4ml_tests/my_hls_prj/myproject_prj/solution1/.autopilot/db/myproject.pp.0.cpp:56715:5: note: FIX-IT applied suggested code changes
/home/ubuntu/hls4ml_tests/my_hls_prj/myproject_prj/solution1/.autopilot/db/myproject.pp.0.cpp:56728:5: warning: Added loop label VITIS_LOOP_359_1:   [xilinx-label-all-loops]
    for (int i = 0; i < CONFIG_T::n_in; i++) {
    ^~~
    VITIS_LOOP_359_1: 
/home/ubuntu/hls4ml_tests/my_hls_prj/myproject_prj/solution1/.autopilot/db/myproject.pp.0.cpp:56728:5: note: FIX-IT applied suggested code changes
/home/ubuntu/hls4ml_tests/my_hls_prj/myproject_prj/solution1/.autopilot/db/myproject.pp.0.cpp:56736:5: warning: Added loop label VITIS_LOOP_367_2:   [xilinx-label-all-loops]
    for (int i = 1; i < CONFIG_T::n_in; i++) {
    ^~~
    VITIS_LOOP_367_2: 
/home/ubuntu/hls4ml_tests/my_hls_prj/myproject_prj/solution1/.autopilot/db/myproject.pp.0.cpp:56736:5: note: FIX-IT applied suggested code changes
/home/ubuntu/hls4ml_tests/my_hls_prj/myproject_prj/solution1/.autopilot/db/myproject.pp.0.cpp:56771:5: warning: Added loop label VITIS_LOOP_402_1:   [xilinx-label-all-loops]
    for (int ii = 0; ii < N_TABLE; ii++) {
    ^~~
    VITIS_LOOP_402_1: 
/home/ubuntu/hls4ml_tests/my_hls_prj/myproject_prj/solution1/.autopilot/db/myproject.pp.0.cpp:56771:5: note: FIX-IT applied suggested code changes
/home/ubuntu/hls4ml_tests/my_hls_prj/myproject_prj/solution1/.autopilot/db/myproject.pp.0.cpp:56801:5: warning: Added loop label VITIS_LOOP_432_1:   [xilinx-label-all-loops]
    for (int ii = 0; ii < CONFIG_T::n_in; ii++) {
    ^~~
    VITIS_LOOP_432_1: 
/home/ubuntu/hls4ml_tests/my_hls_prj/myproject_prj/solution1/.autopilot/db/myproject.pp.0.cpp:56801:5: note: FIX-IT applied suggested code changes
/home/ubuntu/hls4ml_tests/my_hls_prj/myproject_prj/solution1/.autopilot/db/myproject.pp.0.cpp:56828:2: warning: Added loop label VITIS_LOOP_459_1:   [xilinx-label-all-loops]
 for (int ii = 0; ii < CONFIG_T::n_in; ii++) {
 ^~~
 VITIS_LOOP_459_1: 
/home/ubuntu/hls4ml_tests/my_hls_prj/myproject_prj/solution1/.autopilot/db/myproject.pp.0.cpp:56828:2: note: FIX-IT applied suggested code changes
/home/ubuntu/hls4ml_tests/my_hls_prj/myproject_prj/solution1/.autopilot/db/myproject.pp.0.cpp:56842:2: warning: Added loop label VITIS_LOOP_473_1:   [xilinx-label-all-loops]
 for (int ii = 0; ii < CONFIG_T::n_in; ii++) {
 ^~~
 VITIS_LOOP_473_1: 
/home/ubuntu/hls4ml_tests/my_hls_prj/myproject_prj/solution1/.autopilot/db/myproject.pp.0.cpp:56842:2: note: FIX-IT applied suggested code changes
/home/ubuntu/hls4ml_tests/my_hls_prj/myproject_prj/solution1/.autopilot/db/myproject.pp.0.cpp:56858:5: warning: Added loop label VITIS_LOOP_489_1:   [xilinx-label-all-loops]
    for (int ii = 0; ii < CONFIG_T::n_in; ii++) {
    ^~~
    VITIS_LOOP_489_1: 
/home/ubuntu/hls4ml_tests/my_hls_prj/myproject_prj/solution1/.autopilot/db/myproject.pp.0.cpp:56858:5: note: FIX-IT applied suggested code changes
/home/ubuntu/hls4ml_tests/my_hls_prj/myproject_prj/solution1/.autopilot/db/myproject.pp.0.cpp:56876:5: warning: Added loop label VITIS_LOOP_507_1:   [xilinx-label-all-loops]
    for (int ii = 0; ii < CONFIG_T::n_in; ii++) {
    ^~~
    VITIS_LOOP_507_1: 
/home/ubuntu/hls4ml_tests/my_hls_prj/myproject_prj/solution1/.autopilot/db/myproject.pp.0.cpp:56876:5: note: FIX-IT applied suggested code changes
/home/ubuntu/hls4ml_tests/my_hls_prj/myproject_prj/solution1/.autopilot/db/myproject.pp.0.cpp:56893:5: warning: Added loop label VITIS_LOOP_524_1:   [xilinx-label-all-loops]
    for (int ii = 0; ii < CONFIG_T::n_in; ii++) {
    ^~~
    VITIS_LOOP_524_1: 
/home/ubuntu/hls4ml_tests/my_hls_prj/myproject_prj/solution1/.autopilot/db/myproject.pp.0.cpp:56893:5: note: FIX-IT applied suggested code changes
/home/ubuntu/hls4ml_tests/my_hls_prj/myproject_prj/solution1/.autopilot/db/myproject.pp.0.cpp:56910:5: warning: Added loop label VITIS_LOOP_541_1:   [xilinx-label-all-loops]
    for (int ii = 0; ii < N_TABLE; ii++) {
    ^~~
    VITIS_LOOP_541_1: 
/home/ubuntu/hls4ml_tests/my_hls_prj/myproject_prj/solution1/.autopilot/db/myproject.pp.0.cpp:56910:5: note: FIX-IT applied suggested code changes
/home/ubuntu/hls4ml_tests/my_hls_prj/myproject_prj/solution1/.autopilot/db/myproject.pp.0.cpp:56940:5: warning: Added loop label VITIS_LOOP_571_1:   [xilinx-label-all-loops]
    for (int ii = 0; ii < CONFIG_T::n_in; ii++) {
    ^~~
    VITIS_LOOP_571_1: 
/home/ubuntu/hls4ml_tests/my_hls_prj/myproject_prj/solution1/.autopilot/db/myproject.pp.0.cpp:56940:5: note: FIX-IT applied suggested code changes
/home/ubuntu/hls4ml_tests/my_hls_prj/myproject_prj/solution1/.autopilot/db/myproject.pp.0.cpp:56959:5: warning: Added loop label VITIS_LOOP_590_1:   [xilinx-label-all-loops]
    for (int ii = 0; ii < N_TABLE; ii++) {
    ^~~
    VITIS_LOOP_590_1: 
/home/ubuntu/hls4ml_tests/my_hls_prj/myproject_prj/solution1/.autopilot/db/myproject.pp.0.cpp:56959:5: note: FIX-IT applied suggested code changes
/home/ubuntu/hls4ml_tests/my_hls_prj/myproject_prj/solution1/.autopilot/db/myproject.pp.0.cpp:56989:5: warning: Added loop label VITIS_LOOP_620_1:   [xilinx-label-all-loops]
    for (int ii = 0; ii < CONFIG_T::n_in; ii++) {
    ^~~
    VITIS_LOOP_620_1: 
/home/ubuntu/hls4ml_tests/my_hls_prj/myproject_prj/solution1/.autopilot/db/myproject.pp.0.cpp:56989:5: note: FIX-IT applied suggested code changes
/home/ubuntu/hls4ml_tests/my_hls_prj/myproject_prj/solution1/.autopilot/db/myproject.pp.0.cpp:57008:5: warning: Added loop label VITIS_LOOP_639_1:   [xilinx-label-all-loops]
    for (int ii = 0; ii < N_TABLE; ii++) {
    ^~~
    VITIS_LOOP_639_1: 
/home/ubuntu/hls4ml_tests/my_hls_prj/myproject_prj/solution1/.autopilot/db/myproject.pp.0.cpp:57008:5: note: FIX-IT applied suggested code changes
/home/ubuntu/hls4ml_tests/my_hls_prj/myproject_prj/solution1/.autopilot/db/myproject.pp.0.cpp:57038:5: warning: Added loop label VITIS_LOOP_669_1:   [xilinx-label-all-loops]
    for (int ii = 0; ii < CONFIG_T::n_in; ii++) {
    ^~~
    VITIS_LOOP_669_1: 
/home/ubuntu/hls4ml_tests/my_hls_prj/myproject_prj/solution1/.autopilot/db/myproject.pp.0.cpp:57038:5: note: FIX-IT applied suggested code changes
/home/ubuntu/hls4ml_tests/my_hls_prj/myproject_prj/solution1/.autopilot/db/myproject.pp.0.cpp:57065:5: warning: Added loop label VITIS_LOOP_696_1:   [xilinx-label-all-loops]
    for (int ii = 0; ii < N_TABLE; ii++) {
    ^~~
    VITIS_LOOP_696_1: 
/home/ubuntu/hls4ml_tests/my_hls_prj/myproject_prj/solution1/.autopilot/db/myproject.pp.0.cpp:57065:5: note: FIX-IT applied suggested code changes
/home/ubuntu/hls4ml_tests/my_hls_prj/myproject_prj/solution1/.autopilot/db/myproject.pp.0.cpp:57094:5: warning: Added loop label VITIS_LOOP_725_1:   [xilinx-label-all-loops]
    for (int ii = 0; ii < CONFIG_T::n_in; ii++) {
    ^~~
    VITIS_LOOP_725_1: 
/home/ubuntu/hls4ml_tests/my_hls_prj/myproject_prj/solution1/.autopilot/db/myproject.pp.0.cpp:57094:5: note: FIX-IT applied suggested code changes
/home/ubuntu/hls4ml_tests/my_hls_prj/myproject_prj/solution1/.autopilot/db/myproject.pp.0.cpp:57115:5: warning: Added loop label VITIS_LOOP_746_1:   [xilinx-label-all-loops]
    for (int ii = 0; ii < CONFIG_T::n_in; ii++) {
    ^~~
    VITIS_LOOP_746_1: 
/home/ubuntu/hls4ml_tests/my_hls_prj/myproject_prj/solution1/.autopilot/db/myproject.pp.0.cpp:57115:5: note: FIX-IT applied suggested code changes
/home/ubuntu/hls4ml_tests/my_hls_prj/myproject_prj/solution1/.autopilot/db/myproject.pp.0.cpp:57133:5: warning: Added loop label VITIS_LOOP_764_1:   [xilinx-label-all-loops]
    for (int ii = 0; ii < CONFIG_T::n_in; ii++) {
    ^~~
    VITIS_LOOP_764_1: 
/home/ubuntu/hls4ml_tests/my_hls_prj/myproject_prj/solution1/.autopilot/db/myproject.pp.0.cpp:57133:5: note: FIX-IT applied suggested code changes
/home/ubuntu/hls4ml_tests/my_hls_prj/myproject_prj/solution1/.autopilot/db/myproject.pp.0.cpp:57153:5: warning: Added loop label VITIS_LOOP_784_1:   [xilinx-label-all-loops]
    for (int ii = 0; ii < CONFIG_T::n_in; ii++) {
    ^~~
    VITIS_LOOP_784_1: 
/home/ubuntu/hls4ml_tests/my_hls_prj/myproject_prj/solution1/.autopilot/db/myproject.pp.0.cpp:57153:5: note: FIX-IT applied suggested code changes
/home/ubuntu/hls4ml_tests/my_hls_prj/myproject_prj/solution1/.autopilot/db/myproject.pp.0.cpp:57249:9: warning: Added loop label VITIS_LOOP_73_1:   [xilinx-label-all-loops]
        for (int i = 0; i < N / data_T::size; i++) {
        ^~~
        VITIS_LOOP_73_1: 
/home/ubuntu/hls4ml_tests/my_hls_prj/myproject_prj/solution1/.autopilot/db/myproject.pp.0.cpp:57249:9: note: FIX-IT applied suggested code changes
/home/ubuntu/hls4ml_tests/my_hls_prj/myproject_prj/solution1/.autopilot/db/myproject.pp.0.cpp:57256:13: warning: Added loop label VITIS_LOOP_80_2:   [xilinx-label-all-loops]
            for (int j = 0; j < data_T::size; j++) {
            ^~~
            VITIS_LOOP_80_2: 
/home/ubuntu/hls4ml_tests/my_hls_prj/myproject_prj/solution1/.autopilot/db/myproject.pp.0.cpp:57256:13: note: FIX-IT applied suggested code changes
/home/ubuntu/hls4ml_tests/my_hls_prj/myproject_prj/solution1/.autopilot/db/myproject.pp.0.cpp:57265:9: warning: Added loop label VITIS_LOOP_89_3:   [xilinx-label-all-loops]
        for (int i = 0; i < N / data_T::size; i++) {
        ^~~
        VITIS_LOOP_89_3: 
/home/ubuntu/hls4ml_tests/my_hls_prj/myproject_prj/solution1/.autopilot/db/myproject.pp.0.cpp:57265:9: note: FIX-IT applied suggested code changes
/home/ubuntu/hls4ml_tests/my_hls_prj/myproject_prj/solution1/.autopilot/db/myproject.pp.0.cpp:57274:13: warning: Added loop label VITIS_LOOP_98_4:   [xilinx-label-all-loops]
            for (int j = 0; j < pack_diff; j++) {
            ^~~
            VITIS_LOOP_98_4: 
/home/ubuntu/hls4ml_tests/my_hls_prj/myproject_prj/solution1/.autopilot/db/myproject.pp.0.cpp:57274:13: note: FIX-IT applied suggested code changes
/home/ubuntu/hls4ml_tests/my_hls_prj/myproject_prj/solution1/.autopilot/db/myproject.pp.0.cpp:57278:17: warning: Added loop label VITIS_LOOP_102_5:   [xilinx-label-all-loops]
                for (int k = 0; k < res_T::size; k++) {
                ^~~
                VITIS_LOOP_102_5: 
/home/ubuntu/hls4ml_tests/my_hls_prj/myproject_prj/solution1/.autopilot/db/myproject.pp.0.cpp:57278:17: note: FIX-IT applied suggested code changes
/home/ubuntu/hls4ml_tests/my_hls_prj/myproject_prj/solution1/.autopilot/db/myproject.pp.0.cpp:57289:9: warning: Added loop label VITIS_LOOP_113_6:   [xilinx-label-all-loops]
        for (int i = 0; i < N / data_T::size; i++) {
        ^~~
        VITIS_LOOP_113_6: 
/home/ubuntu/hls4ml_tests/my_hls_prj/myproject_prj/solution1/.autopilot/db/myproject.pp.0.cpp:57289:9: note: FIX-IT applied suggested code changes
/home/ubuntu/hls4ml_tests/my_hls_prj/myproject_prj/solution1/.autopilot/db/myproject.pp.0.cpp:57293:13: warning: Added loop label VITIS_LOOP_117_7:   [xilinx-label-all-loops]
            for (int j = 0; j < data_T::size; j++) {
            ^~~
            VITIS_LOOP_117_7: 
/home/ubuntu/hls4ml_tests/my_hls_prj/myproject_prj/solution1/.autopilot/db/myproject.pp.0.cpp:57293:13: note: FIX-IT applied suggested code changes
/home/ubuntu/hls4ml_tests/my_hls_prj/myproject_prj/solution1/.autopilot/db/myproject.pp.0.cpp:57317:9: warning: Added loop label VITIS_LOOP_141_1:   [xilinx-label-all-loops]
        for (int j = 0; j < n_dupl; j++) {
        ^~~
        VITIS_LOOP_141_1: 
/home/ubuntu/hls4ml_tests/my_hls_prj/myproject_prj/solution1/.autopilot/db/myproject.pp.0.cpp:57317:9: note: FIX-IT applied suggested code changes
/home/ubuntu/hls4ml_tests/my_hls_prj/myproject_prj/solution1/.autopilot/db/myproject.pp.0.cpp:57321:13: warning: Added loop label VITIS_LOOP_145_2:   [xilinx-label-all-loops]
            for (int k = 0; k < res_T::size; k++) {
            ^~~
            VITIS_LOOP_145_2: 
/home/ubuntu/hls4ml_tests/my_hls_prj/myproject_prj/solution1/.autopilot/db/myproject.pp.0.cpp:57321:13: note: FIX-IT applied suggested code changes
/home/ubuntu/hls4ml_tests/my_hls_prj/myproject_prj/solution1/.autopilot/db/myproject.pp.0.cpp:57340:9: warning: Added loop label VITIS_LOOP_164_1:   [xilinx-label-all-loops]
        for (int k = 0; k < res_T::size; k++) {
        ^~~
        VITIS_LOOP_164_1: 
/home/ubuntu/hls4ml_tests/my_hls_prj/myproject_prj/solution1/.autopilot/db/myproject.pp.0.cpp:57340:9: note: FIX-IT applied suggested code changes
/home/ubuntu/hls4ml_tests/my_hls_prj/myproject_prj/solution1/.autopilot/db/myproject.pp.0.cpp:57363:2: warning: Added loop label VITIS_LOOP_187_1:   [xilinx-label-all-loops]
 for (int i = 0; i < CONFIG_T::height * CONFIG_T::width / data_T::size; i++) {
 ^~~
 VITIS_LOOP_187_1: 
/home/ubuntu/hls4ml_tests/my_hls_prj/myproject_prj/solution1/.autopilot/db/myproject.pp.0.cpp:57363:2: note: FIX-IT applied suggested code changes
/home/ubuntu/hls4ml_tests/my_hls_prj/myproject_prj/solution1/.autopilot/db/myproject.pp.0.cpp:57366:9: warning: Added loop label VITIS_LOOP_190_2:   [xilinx-label-all-loops]
        for (int j = 0; j < data_T::size; j++) {
        ^~~
        VITIS_LOOP_190_2: 
/home/ubuntu/hls4ml_tests/my_hls_prj/myproject_prj/solution1/.autopilot/db/myproject.pp.0.cpp:57366:9: note: FIX-IT applied suggested code changes
/home/ubuntu/hls4ml_tests/my_hls_prj/myproject_prj/solution1/.autopilot/db/myproject.pp.0.cpp:57371:5: warning: Added loop label VITIS_LOOP_195_3:   [xilinx-label-all-loops]
    for (int i = 0; i < CONFIG_T::height * CONFIG_T::width / res_T::size; i++) {
    ^~~
    VITIS_LOOP_195_3: 
/home/ubuntu/hls4ml_tests/my_hls_prj/myproject_prj/solution1/.autopilot/db/myproject.pp.0.cpp:57371:5: note: FIX-IT applied suggested code changes
/home/ubuntu/hls4ml_tests/my_hls_prj/myproject_prj/solution1/.autopilot/db/myproject.pp.0.cpp:57375:9: warning: Added loop label VITIS_LOOP_199_4:   [xilinx-label-all-loops]
        for (int j = 0; j < res_T::size; j++) {
        ^~~
        VITIS_LOOP_199_4: 
/home/ubuntu/hls4ml_tests/my_hls_prj/myproject_prj/solution1/.autopilot/db/myproject.pp.0.cpp:57375:9: note: FIX-IT applied suggested code changes
/home/ubuntu/hls4ml_tests/my_hls_prj/myproject_prj/solution1/.autopilot/db/myproject.pp.0.cpp:57589:9: warning: Added loop label VITIS_LOOP_213_1:   [xilinx-label-all-loops]
        for (unsigned j = 0; j < data_T::size; j++) {
        ^~~
        VITIS_LOOP_213_1: 
/home/ubuntu/hls4ml_tests/my_hls_prj/myproject_prj/solution1/.autopilot/db/myproject.pp.0.cpp:57589:9: note: FIX-IT applied suggested code changes
/home/ubuntu/hls4ml_tests/my_hls_prj/myproject_prj/solution1/.autopilot/db/myproject.pp.0.cpp:57598:9: warning: Added loop label VITIS_LOOP_222_2:   [xilinx-label-all-loops]
        for (unsigned j = 0; j < data_T::size; j++) {
        ^~~
        VITIS_LOOP_222_2: 
/home/ubuntu/hls4ml_tests/my_hls_prj/myproject_prj/solution1/.autopilot/db/myproject.pp.0.cpp:57598:9: note: FIX-IT applied suggested code changes
/home/ubuntu/hls4ml_tests/my_hls_prj/myproject_prj/solution1/.autopilot/db/myproject.pp.0.cpp:57704:5: warning: Added loop label VITIS_LOOP_328_1:   [xilinx-label-all-loops]
    for (int i = 0; i < CONFIG_T::n_in / res_T::size; i++) {
    ^~~
    VITIS_LOOP_328_1: 
/home/ubuntu/hls4ml_tests/my_hls_prj/myproject_prj/solution1/.autopilot/db/myproject.pp.0.cpp:57704:5: note: FIX-IT applied suggested code changes
/home/ubuntu/hls4ml_tests/my_hls_prj/myproject_prj/solution1/.autopilot/db/myproject.pp.0.cpp:57709:9: warning: Added loop label VITIS_LOOP_333_2:   [xilinx-label-all-loops]
        for (int i = 0; i < res_T::size; i++) {
        ^~~
        VITIS_LOOP_333_2: 
/home/ubuntu/hls4ml_tests/my_hls_prj/myproject_prj/solution1/.autopilot/db/myproject.pp.0.cpp:57709:9: note: FIX-IT applied suggested code changes
/home/ubuntu/hls4ml_tests/my_hls_prj/myproject_prj/solution1/.autopilot/db/myproject.pp.0.cpp:57717:9: warning: Added loop label VITIS_LOOP_341_3:   [xilinx-label-all-loops]
        for (int i = 1; i < res_T::size; i++) {
        ^~~
        VITIS_LOOP_341_3: 
/home/ubuntu/hls4ml_tests/my_hls_prj/myproject_prj/solution1/.autopilot/db/myproject.pp.0.cpp:57717:9: note: FIX-IT applied suggested code changes
/home/ubuntu/hls4ml_tests/my_hls_prj/myproject_prj/solution1/.autopilot/db/myproject.pp.0.cpp:58295:9: error: Resource with core_name: ROM_nP_BRAM pragma is ignored, because this core doesn't exist at all  [clang-diagnostic-error]
#pragma HLS RESOURCE variable=weights core=ROM_nP_BRAM
        ^
/home/ubuntu/hls4ml_tests/my_hls_prj/myproject_prj/solution1/.autopilot/db/myproject.pp.0.cpp:58369:9: error: Resource with core_name: ROM_nP_BRAM pragma is ignored, because this core doesn't exist at all  [clang-diagnostic-error]
#pragma HLS RESOURCE variable=weights core=ROM_nP_BRAM
        ^
/home/ubuntu/hls4ml_tests/my_hls_prj/myproject_prj/solution1/.autopilot/db/myproject.pp.0.cpp:58451:9: error: Resource with core_name: ROM_nP_BRAM pragma is ignored, because this core doesn't exist at all  [clang-diagnostic-error]
#pragma HLS RESOURCE variable=weights core=ROM_nP_BRAM
        ^
/home/ubuntu/hls4ml_tests/my_hls_prj/myproject_prj/solution1/.autopilot/db/myproject.pp.0.cpp:58624:5: warning: Added loop label VITIS_LOOP_14_1:   [xilinx-label-all-loops]
    for (unsigned k = 0; k < CONFIG_T::n_out; k++) {
    ^~~
    VITIS_LOOP_14_1: 
/home/ubuntu/hls4ml_tests/my_hls_prj/myproject_prj/solution1/.autopilot/db/myproject.pp.0.cpp:58624:5: note: FIX-IT applied suggested code changes
/home/ubuntu/hls4ml_tests/my_hls_prj/myproject_prj/solution1/.autopilot/db/myproject.pp.0.cpp:58684:9: warning: Added loop label VITIS_LOOP_74_1:   [xilinx-label-all-loops]
        for (int im = 0; im < CONFIG_T::n_out; im++) {
        ^~~
        VITIS_LOOP_74_1: 
/home/ubuntu/hls4ml_tests/my_hls_prj/myproject_prj/solution1/.autopilot/db/myproject.pp.0.cpp:58684:9: note: FIX-IT applied suggested code changes
