

================================================================
== Vitis HLS Report for 'relu_ap_fixed_37_17_5_3_0_ap_fixed_16_6_5_3_0_relu_config3_s'
================================================================
* Date:           Tue Sep 23 19:05:48 2025

* Version:        2024.1 (Build 5069499 on May 21 2024)
* Project:        myproject_prj
* Solution:       solution1 (Vivado IP Flow Target)
* Product family: virtexuplusHBM
* Target device:  xcvu47p-fsvh2892-2-e


================================================================
== Performance Estimates
================================================================
+ Timing: 
    * Summary: 
    +--------+---------+----------+------------+
    |  Clock |  Target | Estimated| Uncertainty|
    +--------+---------+----------+------------+
    |ap_clk  |  5.00 ns|  1.175 ns|     1.35 ns|
    +--------+---------+----------+------------+

+ Latency: 
    * Summary: 
    +---------+---------+----------+----------+-----+-----+---------+
    |  Latency (cycles) |  Latency (absolute) |  Interval | Pipeline|
    |   min   |   max   |    min   |    max   | min | max |   Type  |
    +---------+---------+----------+----------+-----+-----+---------+
    |        0|        0|      0 ns|      0 ns|    1|    1|      yes|
    +---------+---------+----------+----------+-----+-----+---------+

    + Detail: 
        * Instance: 
        N/A

        * Loop: 
        N/A

============================================================
+ Verbose Summary: Synthesis Manager
============================================================
InlineROM: 1
ExposeGlobal: 0
============================================================
+ Verbose Summary: CDFG Model
============================================================
IsTopModel: 0
ResetActiveHigh: 1
IsCombinational: 0
IsDatapathOnly: 0
HasWiredReturn: 1
HasMFsm: 2
HasVarLatency: 0
IsPipeline: 1
IsRtlPipelined: 0
IsInstanceOverlapped: 0
IsDontTouch: 0
HasImplIP: 0
IsGatedGlobalClock: 0

+ Individual pipeline summary: 
  * Pipeline-0: initiation interval (II) = 1, depth = 1


============================================================
+ Verbose Summary: Schedule
============================================================
* Number of FSM states : 1
* Pipeline : 1
  Pipeline-0 : II = 1, D = 1, States = { 1 }
* Dataflow Pipeline: 0

* FSM state transitions: 
1 --> 

* FSM state operations: 

State 1 <SV = 0> <Delay = 1.17>
ST_1 : Operation 2 [1/1] (0.00ns)   --->   "%specpipeline_ln42 = specpipeline void @_ssdm_op_SpecPipeline, i32 4294967295, i32 0, i32 0, i32 0, void @empty_0" [firmware/nnet_utils/nnet_activation.h:42]   --->   Operation 2 'specpipeline' 'specpipeline_ln42' <Predicate = true> <Delay = 0.00>
ST_1 : Operation 3 [1/1] (0.00ns)   --->   "%data_7_val_read = read i37 @_ssdm_op_Read.ap_auto.i37, i37 %data_7_val" [firmware/nnet_utils/nnet_activation.h:42]   --->   Operation 3 'read' 'data_7_val_read' <Predicate = true> <Delay = 0.00>
ST_1 : Operation 4 [1/1] (0.00ns)   --->   "%data_6_val_read = read i37 @_ssdm_op_Read.ap_auto.i37, i37 %data_6_val" [firmware/nnet_utils/nnet_activation.h:42]   --->   Operation 4 'read' 'data_6_val_read' <Predicate = true> <Delay = 0.00>
ST_1 : Operation 5 [1/1] (0.00ns)   --->   "%data_5_val_read = read i37 @_ssdm_op_Read.ap_auto.i37, i37 %data_5_val" [firmware/nnet_utils/nnet_activation.h:42]   --->   Operation 5 'read' 'data_5_val_read' <Predicate = true> <Delay = 0.00>
ST_1 : Operation 6 [1/1] (0.00ns)   --->   "%data_4_val_read = read i37 @_ssdm_op_Read.ap_auto.i37, i37 %data_4_val" [firmware/nnet_utils/nnet_activation.h:42]   --->   Operation 6 'read' 'data_4_val_read' <Predicate = true> <Delay = 0.00>
ST_1 : Operation 7 [1/1] (0.00ns)   --->   "%data_3_val_read = read i37 @_ssdm_op_Read.ap_auto.i37, i37 %data_3_val" [firmware/nnet_utils/nnet_activation.h:42]   --->   Operation 7 'read' 'data_3_val_read' <Predicate = true> <Delay = 0.00>
ST_1 : Operation 8 [1/1] (0.00ns)   --->   "%data_2_val_read = read i37 @_ssdm_op_Read.ap_auto.i37, i37 %data_2_val" [firmware/nnet_utils/nnet_activation.h:42]   --->   Operation 8 'read' 'data_2_val_read' <Predicate = true> <Delay = 0.00>
ST_1 : Operation 9 [1/1] (0.00ns)   --->   "%data_1_val_read = read i37 @_ssdm_op_Read.ap_auto.i37, i37 %data_1_val" [firmware/nnet_utils/nnet_activation.h:42]   --->   Operation 9 'read' 'data_1_val_read' <Predicate = true> <Delay = 0.00>
ST_1 : Operation 10 [1/1] (0.00ns)   --->   "%data_0_val_read = read i37 @_ssdm_op_Read.ap_auto.i37, i37 %data_0_val" [firmware/nnet_utils/nnet_activation.h:42]   --->   Operation 10 'read' 'data_0_val_read' <Predicate = true> <Delay = 0.00>
ST_1 : Operation 11 [1/1] (0.93ns)   --->   "%icmp_ln45 = icmp_sgt  i37 %data_0_val_read, i37 0" [firmware/nnet_utils/nnet_activation.h:45]   --->   Operation 11 'icmp' 'icmp_ln45' <Predicate = true> <Delay = 0.93> <CoreInst = "Cmp">   --->   Core 9 'Cmp' <Latency = 0> <II = 1> <Delay = 0.93> <FuncUnit> <Opcode : 'seteq' 'setne' 'setle' 'setge' 'setlt' 'setgt'> <InPorts = 2> <OutPorts = 1>
ST_1 : Operation 12 [1/1] (0.00ns)   --->   "%trunc_ln = partselect i16 @_ssdm_op_PartSelect.i16.i37.i32.i32, i37 %data_0_val_read, i32 10, i32 25" [firmware/nnet_utils/nnet_activation.h:46]   --->   Operation 12 'partselect' 'trunc_ln' <Predicate = (icmp_ln45)> <Delay = 0.00>
ST_1 : Operation 13 [1/1] (0.24ns)   --->   "%res_0_0 = select i1 %icmp_ln45, i16 %trunc_ln, i16 0" [firmware/nnet_utils/nnet_activation.h:45]   --->   Operation 13 'select' 'res_0_0' <Predicate = true> <Delay = 0.24> <CoreInst = "Sel">   --->   Core 73 'Sel' <Latency = 0> <II = 1> <Delay = 0.24> <FuncUnit> <Opcode : 'select'> <InPorts = 3> <OutPorts = 1>
ST_1 : Operation 14 [1/1] (0.93ns)   --->   "%icmp_ln45_1 = icmp_sgt  i37 %data_1_val_read, i37 0" [firmware/nnet_utils/nnet_activation.h:45]   --->   Operation 14 'icmp' 'icmp_ln45_1' <Predicate = true> <Delay = 0.93> <CoreInst = "Cmp">   --->   Core 9 'Cmp' <Latency = 0> <II = 1> <Delay = 0.93> <FuncUnit> <Opcode : 'seteq' 'setne' 'setle' 'setge' 'setlt' 'setgt'> <InPorts = 2> <OutPorts = 1>
ST_1 : Operation 15 [1/1] (0.00ns)   --->   "%trunc_ln46_1 = partselect i16 @_ssdm_op_PartSelect.i16.i37.i32.i32, i37 %data_1_val_read, i32 10, i32 25" [firmware/nnet_utils/nnet_activation.h:46]   --->   Operation 15 'partselect' 'trunc_ln46_1' <Predicate = (icmp_ln45_1)> <Delay = 0.00>
ST_1 : Operation 16 [1/1] (0.24ns)   --->   "%res_1_0 = select i1 %icmp_ln45_1, i16 %trunc_ln46_1, i16 0" [firmware/nnet_utils/nnet_activation.h:45]   --->   Operation 16 'select' 'res_1_0' <Predicate = true> <Delay = 0.24> <CoreInst = "Sel">   --->   Core 73 'Sel' <Latency = 0> <II = 1> <Delay = 0.24> <FuncUnit> <Opcode : 'select'> <InPorts = 3> <OutPorts = 1>
ST_1 : Operation 17 [1/1] (0.93ns)   --->   "%icmp_ln45_2 = icmp_sgt  i37 %data_2_val_read, i37 0" [firmware/nnet_utils/nnet_activation.h:45]   --->   Operation 17 'icmp' 'icmp_ln45_2' <Predicate = true> <Delay = 0.93> <CoreInst = "Cmp">   --->   Core 9 'Cmp' <Latency = 0> <II = 1> <Delay = 0.93> <FuncUnit> <Opcode : 'seteq' 'setne' 'setle' 'setge' 'setlt' 'setgt'> <InPorts = 2> <OutPorts = 1>
ST_1 : Operation 18 [1/1] (0.00ns)   --->   "%trunc_ln46_2 = partselect i16 @_ssdm_op_PartSelect.i16.i37.i32.i32, i37 %data_2_val_read, i32 10, i32 25" [firmware/nnet_utils/nnet_activation.h:46]   --->   Operation 18 'partselect' 'trunc_ln46_2' <Predicate = (icmp_ln45_2)> <Delay = 0.00>
ST_1 : Operation 19 [1/1] (0.24ns)   --->   "%res_2_0 = select i1 %icmp_ln45_2, i16 %trunc_ln46_2, i16 0" [firmware/nnet_utils/nnet_activation.h:45]   --->   Operation 19 'select' 'res_2_0' <Predicate = true> <Delay = 0.24> <CoreInst = "Sel">   --->   Core 73 'Sel' <Latency = 0> <II = 1> <Delay = 0.24> <FuncUnit> <Opcode : 'select'> <InPorts = 3> <OutPorts = 1>
ST_1 : Operation 20 [1/1] (0.93ns)   --->   "%icmp_ln45_3 = icmp_sgt  i37 %data_3_val_read, i37 0" [firmware/nnet_utils/nnet_activation.h:45]   --->   Operation 20 'icmp' 'icmp_ln45_3' <Predicate = true> <Delay = 0.93> <CoreInst = "Cmp">   --->   Core 9 'Cmp' <Latency = 0> <II = 1> <Delay = 0.93> <FuncUnit> <Opcode : 'seteq' 'setne' 'setle' 'setge' 'setlt' 'setgt'> <InPorts = 2> <OutPorts = 1>
ST_1 : Operation 21 [1/1] (0.00ns)   --->   "%trunc_ln46_3 = partselect i16 @_ssdm_op_PartSelect.i16.i37.i32.i32, i37 %data_3_val_read, i32 10, i32 25" [firmware/nnet_utils/nnet_activation.h:46]   --->   Operation 21 'partselect' 'trunc_ln46_3' <Predicate = (icmp_ln45_3)> <Delay = 0.00>
ST_1 : Operation 22 [1/1] (0.24ns)   --->   "%res_3_0 = select i1 %icmp_ln45_3, i16 %trunc_ln46_3, i16 0" [firmware/nnet_utils/nnet_activation.h:45]   --->   Operation 22 'select' 'res_3_0' <Predicate = true> <Delay = 0.24> <CoreInst = "Sel">   --->   Core 73 'Sel' <Latency = 0> <II = 1> <Delay = 0.24> <FuncUnit> <Opcode : 'select'> <InPorts = 3> <OutPorts = 1>
ST_1 : Operation 23 [1/1] (0.93ns)   --->   "%icmp_ln45_4 = icmp_sgt  i37 %data_4_val_read, i37 0" [firmware/nnet_utils/nnet_activation.h:45]   --->   Operation 23 'icmp' 'icmp_ln45_4' <Predicate = true> <Delay = 0.93> <CoreInst = "Cmp">   --->   Core 9 'Cmp' <Latency = 0> <II = 1> <Delay = 0.93> <FuncUnit> <Opcode : 'seteq' 'setne' 'setle' 'setge' 'setlt' 'setgt'> <InPorts = 2> <OutPorts = 1>
ST_1 : Operation 24 [1/1] (0.00ns)   --->   "%trunc_ln46_4 = partselect i16 @_ssdm_op_PartSelect.i16.i37.i32.i32, i37 %data_4_val_read, i32 10, i32 25" [firmware/nnet_utils/nnet_activation.h:46]   --->   Operation 24 'partselect' 'trunc_ln46_4' <Predicate = (icmp_ln45_4)> <Delay = 0.00>
ST_1 : Operation 25 [1/1] (0.24ns)   --->   "%res_4_0 = select i1 %icmp_ln45_4, i16 %trunc_ln46_4, i16 0" [firmware/nnet_utils/nnet_activation.h:45]   --->   Operation 25 'select' 'res_4_0' <Predicate = true> <Delay = 0.24> <CoreInst = "Sel">   --->   Core 73 'Sel' <Latency = 0> <II = 1> <Delay = 0.24> <FuncUnit> <Opcode : 'select'> <InPorts = 3> <OutPorts = 1>
ST_1 : Operation 26 [1/1] (0.93ns)   --->   "%icmp_ln45_5 = icmp_sgt  i37 %data_5_val_read, i37 0" [firmware/nnet_utils/nnet_activation.h:45]   --->   Operation 26 'icmp' 'icmp_ln45_5' <Predicate = true> <Delay = 0.93> <CoreInst = "Cmp">   --->   Core 9 'Cmp' <Latency = 0> <II = 1> <Delay = 0.93> <FuncUnit> <Opcode : 'seteq' 'setne' 'setle' 'setge' 'setlt' 'setgt'> <InPorts = 2> <OutPorts = 1>
ST_1 : Operation 27 [1/1] (0.00ns)   --->   "%trunc_ln46_5 = partselect i16 @_ssdm_op_PartSelect.i16.i37.i32.i32, i37 %data_5_val_read, i32 10, i32 25" [firmware/nnet_utils/nnet_activation.h:46]   --->   Operation 27 'partselect' 'trunc_ln46_5' <Predicate = (icmp_ln45_5)> <Delay = 0.00>
ST_1 : Operation 28 [1/1] (0.24ns)   --->   "%res_5_0 = select i1 %icmp_ln45_5, i16 %trunc_ln46_5, i16 0" [firmware/nnet_utils/nnet_activation.h:45]   --->   Operation 28 'select' 'res_5_0' <Predicate = true> <Delay = 0.24> <CoreInst = "Sel">   --->   Core 73 'Sel' <Latency = 0> <II = 1> <Delay = 0.24> <FuncUnit> <Opcode : 'select'> <InPorts = 3> <OutPorts = 1>
ST_1 : Operation 29 [1/1] (0.93ns)   --->   "%icmp_ln45_6 = icmp_sgt  i37 %data_6_val_read, i37 0" [firmware/nnet_utils/nnet_activation.h:45]   --->   Operation 29 'icmp' 'icmp_ln45_6' <Predicate = true> <Delay = 0.93> <CoreInst = "Cmp">   --->   Core 9 'Cmp' <Latency = 0> <II = 1> <Delay = 0.93> <FuncUnit> <Opcode : 'seteq' 'setne' 'setle' 'setge' 'setlt' 'setgt'> <InPorts = 2> <OutPorts = 1>
ST_1 : Operation 30 [1/1] (0.00ns)   --->   "%trunc_ln46_6 = partselect i16 @_ssdm_op_PartSelect.i16.i37.i32.i32, i37 %data_6_val_read, i32 10, i32 25" [firmware/nnet_utils/nnet_activation.h:46]   --->   Operation 30 'partselect' 'trunc_ln46_6' <Predicate = (icmp_ln45_6)> <Delay = 0.00>
ST_1 : Operation 31 [1/1] (0.24ns)   --->   "%res_6_0 = select i1 %icmp_ln45_6, i16 %trunc_ln46_6, i16 0" [firmware/nnet_utils/nnet_activation.h:45]   --->   Operation 31 'select' 'res_6_0' <Predicate = true> <Delay = 0.24> <CoreInst = "Sel">   --->   Core 73 'Sel' <Latency = 0> <II = 1> <Delay = 0.24> <FuncUnit> <Opcode : 'select'> <InPorts = 3> <OutPorts = 1>
ST_1 : Operation 32 [1/1] (0.93ns)   --->   "%icmp_ln45_7 = icmp_sgt  i37 %data_7_val_read, i37 0" [firmware/nnet_utils/nnet_activation.h:45]   --->   Operation 32 'icmp' 'icmp_ln45_7' <Predicate = true> <Delay = 0.93> <CoreInst = "Cmp">   --->   Core 9 'Cmp' <Latency = 0> <II = 1> <Delay = 0.93> <FuncUnit> <Opcode : 'seteq' 'setne' 'setle' 'setge' 'setlt' 'setgt'> <InPorts = 2> <OutPorts = 1>
ST_1 : Operation 33 [1/1] (0.00ns)   --->   "%trunc_ln46_7 = partselect i16 @_ssdm_op_PartSelect.i16.i37.i32.i32, i37 %data_7_val_read, i32 10, i32 25" [firmware/nnet_utils/nnet_activation.h:46]   --->   Operation 33 'partselect' 'trunc_ln46_7' <Predicate = (icmp_ln45_7)> <Delay = 0.00>
ST_1 : Operation 34 [1/1] (0.24ns)   --->   "%res_7_0 = select i1 %icmp_ln45_7, i16 %trunc_ln46_7, i16 0" [firmware/nnet_utils/nnet_activation.h:45]   --->   Operation 34 'select' 'res_7_0' <Predicate = true> <Delay = 0.24> <CoreInst = "Sel">   --->   Core 73 'Sel' <Latency = 0> <II = 1> <Delay = 0.24> <FuncUnit> <Opcode : 'select'> <InPorts = 3> <OutPorts = 1>
ST_1 : Operation 35 [1/1] (0.00ns)   --->   "%mrv = insertvalue i128 <undef>, i16 %res_0_0" [firmware/nnet_utils/nnet_activation.h:50]   --->   Operation 35 'insertvalue' 'mrv' <Predicate = true> <Delay = 0.00>
ST_1 : Operation 36 [1/1] (0.00ns)   --->   "%mrv_1 = insertvalue i128 %mrv, i16 %res_1_0" [firmware/nnet_utils/nnet_activation.h:50]   --->   Operation 36 'insertvalue' 'mrv_1' <Predicate = true> <Delay = 0.00>
ST_1 : Operation 37 [1/1] (0.00ns)   --->   "%mrv_2 = insertvalue i128 %mrv_1, i16 %res_2_0" [firmware/nnet_utils/nnet_activation.h:50]   --->   Operation 37 'insertvalue' 'mrv_2' <Predicate = true> <Delay = 0.00>
ST_1 : Operation 38 [1/1] (0.00ns)   --->   "%mrv_3 = insertvalue i128 %mrv_2, i16 %res_3_0" [firmware/nnet_utils/nnet_activation.h:50]   --->   Operation 38 'insertvalue' 'mrv_3' <Predicate = true> <Delay = 0.00>
ST_1 : Operation 39 [1/1] (0.00ns)   --->   "%mrv_4 = insertvalue i128 %mrv_3, i16 %res_4_0" [firmware/nnet_utils/nnet_activation.h:50]   --->   Operation 39 'insertvalue' 'mrv_4' <Predicate = true> <Delay = 0.00>
ST_1 : Operation 40 [1/1] (0.00ns)   --->   "%mrv_5 = insertvalue i128 %mrv_4, i16 %res_5_0" [firmware/nnet_utils/nnet_activation.h:50]   --->   Operation 40 'insertvalue' 'mrv_5' <Predicate = true> <Delay = 0.00>
ST_1 : Operation 41 [1/1] (0.00ns)   --->   "%mrv_6 = insertvalue i128 %mrv_5, i16 %res_6_0" [firmware/nnet_utils/nnet_activation.h:50]   --->   Operation 41 'insertvalue' 'mrv_6' <Predicate = true> <Delay = 0.00>
ST_1 : Operation 42 [1/1] (0.00ns)   --->   "%mrv_7 = insertvalue i128 %mrv_6, i16 %res_7_0" [firmware/nnet_utils/nnet_activation.h:50]   --->   Operation 42 'insertvalue' 'mrv_7' <Predicate = true> <Delay = 0.00>
ST_1 : Operation 43 [1/1] (0.00ns)   --->   "%ret_ln50 = ret i128 %mrv_7" [firmware/nnet_utils/nnet_activation.h:50]   --->   Operation 43 'ret' 'ret_ln50' <Predicate = true> <Delay = 0.00>


============================================================
+ Verbose Summary: Binding
============================================================
STG Binding: 
---------------- STG Properties BEGIN ----------------
- Is combinational: 1
- Is one-state seq: 0
- Is datapath-only: 0
- Is pipelined: 1
- Is top level: 0
Port [ Return ] is wired: 1; IO mode=ap_ctrl_hs:ce=0
Port [ data_0_val]:  wired=1; compound=0; hidden=0; nouse=0; global=0; static=0; extern=0; dir=0; type=0; pingpong=0; private_global=0; IO mode=ap_none:ce=0
Port [ data_1_val]:  wired=1; compound=0; hidden=0; nouse=0; global=0; static=0; extern=0; dir=0; type=0; pingpong=0; private_global=0; IO mode=ap_none:ce=0
Port [ data_2_val]:  wired=1; compound=0; hidden=0; nouse=0; global=0; static=0; extern=0; dir=0; type=0; pingpong=0; private_global=0; IO mode=ap_none:ce=0
Port [ data_3_val]:  wired=1; compound=0; hidden=0; nouse=0; global=0; static=0; extern=0; dir=0; type=0; pingpong=0; private_global=0; IO mode=ap_none:ce=0
Port [ data_4_val]:  wired=1; compound=0; hidden=0; nouse=0; global=0; static=0; extern=0; dir=0; type=0; pingpong=0; private_global=0; IO mode=ap_none:ce=0
Port [ data_5_val]:  wired=1; compound=0; hidden=0; nouse=0; global=0; static=0; extern=0; dir=0; type=0; pingpong=0; private_global=0; IO mode=ap_none:ce=0
Port [ data_6_val]:  wired=1; compound=0; hidden=0; nouse=0; global=0; static=0; extern=0; dir=0; type=0; pingpong=0; private_global=0; IO mode=ap_none:ce=0
Port [ data_7_val]:  wired=1; compound=0; hidden=0; nouse=0; global=0; static=0; extern=0; dir=0; type=0; pingpong=0; private_global=0; IO mode=ap_none:ce=0
---------------- STG Properties END ------------------

---------------- Datapath Model BEGIN ----------------

<LifeTime>
<method=bitvector/>
specpipeline_ln42 (specpipeline) [ 00]
data_7_val_read   (read        ) [ 00]
data_6_val_read   (read        ) [ 00]
data_5_val_read   (read        ) [ 00]
data_4_val_read   (read        ) [ 00]
data_3_val_read   (read        ) [ 00]
data_2_val_read   (read        ) [ 00]
data_1_val_read   (read        ) [ 00]
data_0_val_read   (read        ) [ 00]
icmp_ln45         (icmp        ) [ 01]
trunc_ln          (partselect  ) [ 00]
res_0_0           (select      ) [ 00]
icmp_ln45_1       (icmp        ) [ 01]
trunc_ln46_1      (partselect  ) [ 00]
res_1_0           (select      ) [ 00]
icmp_ln45_2       (icmp        ) [ 01]
trunc_ln46_2      (partselect  ) [ 00]
res_2_0           (select      ) [ 00]
icmp_ln45_3       (icmp        ) [ 01]
trunc_ln46_3      (partselect  ) [ 00]
res_3_0           (select      ) [ 00]
icmp_ln45_4       (icmp        ) [ 01]
trunc_ln46_4      (partselect  ) [ 00]
res_4_0           (select      ) [ 00]
icmp_ln45_5       (icmp        ) [ 01]
trunc_ln46_5      (partselect  ) [ 00]
res_5_0           (select      ) [ 00]
icmp_ln45_6       (icmp        ) [ 01]
trunc_ln46_6      (partselect  ) [ 00]
res_6_0           (select      ) [ 00]
icmp_ln45_7       (icmp        ) [ 01]
trunc_ln46_7      (partselect  ) [ 00]
res_7_0           (select      ) [ 00]
mrv               (insertvalue ) [ 00]
mrv_1             (insertvalue ) [ 00]
mrv_2             (insertvalue ) [ 00]
mrv_3             (insertvalue ) [ 00]
mrv_4             (insertvalue ) [ 00]
mrv_5             (insertvalue ) [ 00]
mrv_6             (insertvalue ) [ 00]
mrv_7             (insertvalue ) [ 00]
ret_ln50          (ret         ) [ 00]
</LifeTime>

<model>

<comp_list>
<comp id="0" class="1000" name="data_0_val">
<pin_list>
<pin id="1" dir="1" index="0" bw="1" slack="0"/>
</pin_list>
<bind>
<StgValue><ssdm name="data_0_val"/></StgValue>
</bind>
</comp>

<comp id="2" class="1000" name="data_1_val">
<pin_list>
<pin id="3" dir="1" index="0" bw="1" slack="0"/>
</pin_list>
<bind>
<StgValue><ssdm name="data_1_val"/></StgValue>
</bind>
</comp>

<comp id="4" class="1000" name="data_2_val">
<pin_list>
<pin id="5" dir="1" index="0" bw="1" slack="0"/>
</pin_list>
<bind>
<StgValue><ssdm name="data_2_val"/></StgValue>
</bind>
</comp>

<comp id="6" class="1000" name="data_3_val">
<pin_list>
<pin id="7" dir="1" index="0" bw="1" slack="0"/>
</pin_list>
<bind>
<StgValue><ssdm name="data_3_val"/></StgValue>
</bind>
</comp>

<comp id="8" class="1000" name="data_4_val">
<pin_list>
<pin id="9" dir="1" index="0" bw="1" slack="0"/>
</pin_list>
<bind>
<StgValue><ssdm name="data_4_val"/></StgValue>
</bind>
</comp>

<comp id="10" class="1000" name="data_5_val">
<pin_list>
<pin id="11" dir="1" index="0" bw="1" slack="0"/>
</pin_list>
<bind>
<StgValue><ssdm name="data_5_val"/></StgValue>
</bind>
</comp>

<comp id="12" class="1000" name="data_6_val">
<pin_list>
<pin id="13" dir="1" index="0" bw="1" slack="0"/>
</pin_list>
<bind>
<StgValue><ssdm name="data_6_val"/></StgValue>
</bind>
</comp>

<comp id="14" class="1000" name="data_7_val">
<pin_list>
<pin id="15" dir="1" index="0" bw="1" slack="0"/>
</pin_list>
<bind>
<StgValue><ssdm name="data_7_val"/></StgValue>
</bind>
</comp>

<comp id="16" class="1001" name="const_16">
<pin_list>
<pin id="17" dir="1" index="0" bw="1" slack="2147483647"/>
</pin_list>
<bind>
<StgValue><ssdm name="_ssdm_op_SpecPipeline"/></StgValue>
</bind>
</comp>

<comp id="18" class="1001" name="const_18">
<pin_list>
<pin id="19" dir="1" index="0" bw="1" slack="2147483647"/>
</pin_list>
<bind>
<StgValue><ssdm name=""/></StgValue>
</bind>
</comp>

<comp id="20" class="1001" name="const_20">
<pin_list>
<pin id="21" dir="1" index="0" bw="1" slack="2147483647"/>
</pin_list>
<bind>
<StgValue><ssdm name=""/></StgValue>
</bind>
</comp>

<comp id="22" class="1001" name="const_22">
<pin_list>
<pin id="23" dir="1" index="0" bw="1" slack="2147483647"/>
</pin_list>
<bind>
<StgValue><ssdm name="empty_0"/></StgValue>
</bind>
</comp>

<comp id="24" class="1001" name="const_24">
<pin_list>
<pin id="25" dir="1" index="0" bw="1" slack="0"/>
</pin_list>
<bind>
<StgValue><ssdm name="_ssdm_op_Read.ap_auto.i37"/></StgValue>
</bind>
</comp>

<comp id="26" class="1001" name="const_26">
<pin_list>
<pin id="27" dir="1" index="0" bw="1" slack="0"/>
</pin_list>
<bind>
<StgValue><ssdm name=""/></StgValue>
</bind>
</comp>

<comp id="28" class="1001" name="const_28">
<pin_list>
<pin id="29" dir="1" index="0" bw="1" slack="0"/>
</pin_list>
<bind>
<StgValue><ssdm name="_ssdm_op_PartSelect.i16.i37.i32.i32"/></StgValue>
</bind>
</comp>

<comp id="30" class="1001" name="const_30">
<pin_list>
<pin id="31" dir="1" index="0" bw="1" slack="0"/>
</pin_list>
<bind>
<StgValue><ssdm name=""/></StgValue>
</bind>
</comp>

<comp id="32" class="1001" name="const_32">
<pin_list>
<pin id="33" dir="1" index="0" bw="1" slack="0"/>
</pin_list>
<bind>
<StgValue><ssdm name=""/></StgValue>
</bind>
</comp>

<comp id="34" class="1001" name="const_34">
<pin_list>
<pin id="35" dir="1" index="0" bw="1" slack="0"/>
</pin_list>
<bind>
<StgValue><ssdm name=""/></StgValue>
</bind>
</comp>

<comp id="36" class="1001" name="const_36">
<pin_list>
<pin id="37" dir="1" index="0" bw="1" slack="0"/>
</pin_list>
<bind>
<StgValue><ssdm name=""/></StgValue>
</bind>
</comp>

<comp id="38" class="1004" name="data_7_val_read_read_fu_38">
<pin_list>
<pin id="39" dir="0" index="0" bw="37" slack="0"/>
<pin id="40" dir="0" index="1" bw="37" slack="0"/>
<pin id="41" dir="1" index="2" bw="37" slack="0"/>
</pin_list>
<bind>
<opcode="read(1150) " fcode="read"/>
<opset="data_7_val_read/1 "/>
</bind>
</comp>

<comp id="44" class="1004" name="data_6_val_read_read_fu_44">
<pin_list>
<pin id="45" dir="0" index="0" bw="37" slack="0"/>
<pin id="46" dir="0" index="1" bw="37" slack="0"/>
<pin id="47" dir="1" index="2" bw="37" slack="0"/>
</pin_list>
<bind>
<opcode="read(1150) " fcode="read"/>
<opset="data_6_val_read/1 "/>
</bind>
</comp>

<comp id="50" class="1004" name="data_5_val_read_read_fu_50">
<pin_list>
<pin id="51" dir="0" index="0" bw="37" slack="0"/>
<pin id="52" dir="0" index="1" bw="37" slack="0"/>
<pin id="53" dir="1" index="2" bw="37" slack="0"/>
</pin_list>
<bind>
<opcode="read(1150) " fcode="read"/>
<opset="data_5_val_read/1 "/>
</bind>
</comp>

<comp id="56" class="1004" name="data_4_val_read_read_fu_56">
<pin_list>
<pin id="57" dir="0" index="0" bw="37" slack="0"/>
<pin id="58" dir="0" index="1" bw="37" slack="0"/>
<pin id="59" dir="1" index="2" bw="37" slack="0"/>
</pin_list>
<bind>
<opcode="read(1150) " fcode="read"/>
<opset="data_4_val_read/1 "/>
</bind>
</comp>

<comp id="62" class="1004" name="data_3_val_read_read_fu_62">
<pin_list>
<pin id="63" dir="0" index="0" bw="37" slack="0"/>
<pin id="64" dir="0" index="1" bw="37" slack="0"/>
<pin id="65" dir="1" index="2" bw="37" slack="0"/>
</pin_list>
<bind>
<opcode="read(1150) " fcode="read"/>
<opset="data_3_val_read/1 "/>
</bind>
</comp>

<comp id="68" class="1004" name="data_2_val_read_read_fu_68">
<pin_list>
<pin id="69" dir="0" index="0" bw="37" slack="0"/>
<pin id="70" dir="0" index="1" bw="37" slack="0"/>
<pin id="71" dir="1" index="2" bw="37" slack="0"/>
</pin_list>
<bind>
<opcode="read(1150) " fcode="read"/>
<opset="data_2_val_read/1 "/>
</bind>
</comp>

<comp id="74" class="1004" name="data_1_val_read_read_fu_74">
<pin_list>
<pin id="75" dir="0" index="0" bw="37" slack="0"/>
<pin id="76" dir="0" index="1" bw="37" slack="0"/>
<pin id="77" dir="1" index="2" bw="37" slack="0"/>
</pin_list>
<bind>
<opcode="read(1150) " fcode="read"/>
<opset="data_1_val_read/1 "/>
</bind>
</comp>

<comp id="80" class="1004" name="data_0_val_read_read_fu_80">
<pin_list>
<pin id="81" dir="0" index="0" bw="37" slack="0"/>
<pin id="82" dir="0" index="1" bw="37" slack="0"/>
<pin id="83" dir="1" index="2" bw="37" slack="0"/>
</pin_list>
<bind>
<opcode="read(1150) " fcode="read"/>
<opset="data_0_val_read/1 "/>
</bind>
</comp>

<comp id="86" class="1004" name="icmp_ln45_fu_86">
<pin_list>
<pin id="87" dir="0" index="0" bw="37" slack="0"/>
<pin id="88" dir="0" index="1" bw="1" slack="0"/>
<pin id="89" dir="1" index="2" bw="1" slack="0"/>
</pin_list>
<bind>
<opcode="icmp(45) " fcode="icmp"/>
<opset="icmp_ln45/1 "/>
</bind>
</comp>

<comp id="92" class="1004" name="trunc_ln_fu_92">
<pin_list>
<pin id="93" dir="0" index="0" bw="16" slack="0"/>
<pin id="94" dir="0" index="1" bw="37" slack="0"/>
<pin id="95" dir="0" index="2" bw="5" slack="0"/>
<pin id="96" dir="0" index="3" bw="6" slack="0"/>
<pin id="97" dir="1" index="4" bw="16" slack="0"/>
</pin_list>
<bind>
<opcode="partselect(1002) " fcode="partselect"/>
<opset="trunc_ln/1 "/>
</bind>
</comp>

<comp id="102" class="1004" name="res_0_0_fu_102">
<pin_list>
<pin id="103" dir="0" index="0" bw="1" slack="0"/>
<pin id="104" dir="0" index="1" bw="16" slack="0"/>
<pin id="105" dir="0" index="2" bw="1" slack="0"/>
<pin id="106" dir="1" index="3" bw="16" slack="0"/>
</pin_list>
<bind>
<opcode="select(49) " fcode="select"/>
<opset="res_0_0/1 "/>
</bind>
</comp>

<comp id="110" class="1004" name="icmp_ln45_1_fu_110">
<pin_list>
<pin id="111" dir="0" index="0" bw="37" slack="0"/>
<pin id="112" dir="0" index="1" bw="1" slack="0"/>
<pin id="113" dir="1" index="2" bw="1" slack="0"/>
</pin_list>
<bind>
<opcode="icmp(45) " fcode="icmp"/>
<opset="icmp_ln45_1/1 "/>
</bind>
</comp>

<comp id="116" class="1004" name="trunc_ln46_1_fu_116">
<pin_list>
<pin id="117" dir="0" index="0" bw="16" slack="0"/>
<pin id="118" dir="0" index="1" bw="37" slack="0"/>
<pin id="119" dir="0" index="2" bw="5" slack="0"/>
<pin id="120" dir="0" index="3" bw="6" slack="0"/>
<pin id="121" dir="1" index="4" bw="16" slack="0"/>
</pin_list>
<bind>
<opcode="partselect(1002) " fcode="partselect"/>
<opset="trunc_ln46_1/1 "/>
</bind>
</comp>

<comp id="126" class="1004" name="res_1_0_fu_126">
<pin_list>
<pin id="127" dir="0" index="0" bw="1" slack="0"/>
<pin id="128" dir="0" index="1" bw="16" slack="0"/>
<pin id="129" dir="0" index="2" bw="1" slack="0"/>
<pin id="130" dir="1" index="3" bw="16" slack="0"/>
</pin_list>
<bind>
<opcode="select(49) " fcode="select"/>
<opset="res_1_0/1 "/>
</bind>
</comp>

<comp id="134" class="1004" name="icmp_ln45_2_fu_134">
<pin_list>
<pin id="135" dir="0" index="0" bw="37" slack="0"/>
<pin id="136" dir="0" index="1" bw="1" slack="0"/>
<pin id="137" dir="1" index="2" bw="1" slack="0"/>
</pin_list>
<bind>
<opcode="icmp(45) " fcode="icmp"/>
<opset="icmp_ln45_2/1 "/>
</bind>
</comp>

<comp id="140" class="1004" name="trunc_ln46_2_fu_140">
<pin_list>
<pin id="141" dir="0" index="0" bw="16" slack="0"/>
<pin id="142" dir="0" index="1" bw="37" slack="0"/>
<pin id="143" dir="0" index="2" bw="5" slack="0"/>
<pin id="144" dir="0" index="3" bw="6" slack="0"/>
<pin id="145" dir="1" index="4" bw="16" slack="0"/>
</pin_list>
<bind>
<opcode="partselect(1002) " fcode="partselect"/>
<opset="trunc_ln46_2/1 "/>
</bind>
</comp>

<comp id="150" class="1004" name="res_2_0_fu_150">
<pin_list>
<pin id="151" dir="0" index="0" bw="1" slack="0"/>
<pin id="152" dir="0" index="1" bw="16" slack="0"/>
<pin id="153" dir="0" index="2" bw="1" slack="0"/>
<pin id="154" dir="1" index="3" bw="16" slack="0"/>
</pin_list>
<bind>
<opcode="select(49) " fcode="select"/>
<opset="res_2_0/1 "/>
</bind>
</comp>

<comp id="158" class="1004" name="icmp_ln45_3_fu_158">
<pin_list>
<pin id="159" dir="0" index="0" bw="37" slack="0"/>
<pin id="160" dir="0" index="1" bw="1" slack="0"/>
<pin id="161" dir="1" index="2" bw="1" slack="0"/>
</pin_list>
<bind>
<opcode="icmp(45) " fcode="icmp"/>
<opset="icmp_ln45_3/1 "/>
</bind>
</comp>

<comp id="164" class="1004" name="trunc_ln46_3_fu_164">
<pin_list>
<pin id="165" dir="0" index="0" bw="16" slack="0"/>
<pin id="166" dir="0" index="1" bw="37" slack="0"/>
<pin id="167" dir="0" index="2" bw="5" slack="0"/>
<pin id="168" dir="0" index="3" bw="6" slack="0"/>
<pin id="169" dir="1" index="4" bw="16" slack="0"/>
</pin_list>
<bind>
<opcode="partselect(1002) " fcode="partselect"/>
<opset="trunc_ln46_3/1 "/>
</bind>
</comp>

<comp id="174" class="1004" name="res_3_0_fu_174">
<pin_list>
<pin id="175" dir="0" index="0" bw="1" slack="0"/>
<pin id="176" dir="0" index="1" bw="16" slack="0"/>
<pin id="177" dir="0" index="2" bw="1" slack="0"/>
<pin id="178" dir="1" index="3" bw="16" slack="0"/>
</pin_list>
<bind>
<opcode="select(49) " fcode="select"/>
<opset="res_3_0/1 "/>
</bind>
</comp>

<comp id="182" class="1004" name="icmp_ln45_4_fu_182">
<pin_list>
<pin id="183" dir="0" index="0" bw="37" slack="0"/>
<pin id="184" dir="0" index="1" bw="1" slack="0"/>
<pin id="185" dir="1" index="2" bw="1" slack="0"/>
</pin_list>
<bind>
<opcode="icmp(45) " fcode="icmp"/>
<opset="icmp_ln45_4/1 "/>
</bind>
</comp>

<comp id="188" class="1004" name="trunc_ln46_4_fu_188">
<pin_list>
<pin id="189" dir="0" index="0" bw="16" slack="0"/>
<pin id="190" dir="0" index="1" bw="37" slack="0"/>
<pin id="191" dir="0" index="2" bw="5" slack="0"/>
<pin id="192" dir="0" index="3" bw="6" slack="0"/>
<pin id="193" dir="1" index="4" bw="16" slack="0"/>
</pin_list>
<bind>
<opcode="partselect(1002) " fcode="partselect"/>
<opset="trunc_ln46_4/1 "/>
</bind>
</comp>

<comp id="198" class="1004" name="res_4_0_fu_198">
<pin_list>
<pin id="199" dir="0" index="0" bw="1" slack="0"/>
<pin id="200" dir="0" index="1" bw="16" slack="0"/>
<pin id="201" dir="0" index="2" bw="1" slack="0"/>
<pin id="202" dir="1" index="3" bw="16" slack="0"/>
</pin_list>
<bind>
<opcode="select(49) " fcode="select"/>
<opset="res_4_0/1 "/>
</bind>
</comp>

<comp id="206" class="1004" name="icmp_ln45_5_fu_206">
<pin_list>
<pin id="207" dir="0" index="0" bw="37" slack="0"/>
<pin id="208" dir="0" index="1" bw="1" slack="0"/>
<pin id="209" dir="1" index="2" bw="1" slack="0"/>
</pin_list>
<bind>
<opcode="icmp(45) " fcode="icmp"/>
<opset="icmp_ln45_5/1 "/>
</bind>
</comp>

<comp id="212" class="1004" name="trunc_ln46_5_fu_212">
<pin_list>
<pin id="213" dir="0" index="0" bw="16" slack="0"/>
<pin id="214" dir="0" index="1" bw="37" slack="0"/>
<pin id="215" dir="0" index="2" bw="5" slack="0"/>
<pin id="216" dir="0" index="3" bw="6" slack="0"/>
<pin id="217" dir="1" index="4" bw="16" slack="0"/>
</pin_list>
<bind>
<opcode="partselect(1002) " fcode="partselect"/>
<opset="trunc_ln46_5/1 "/>
</bind>
</comp>

<comp id="222" class="1004" name="res_5_0_fu_222">
<pin_list>
<pin id="223" dir="0" index="0" bw="1" slack="0"/>
<pin id="224" dir="0" index="1" bw="16" slack="0"/>
<pin id="225" dir="0" index="2" bw="1" slack="0"/>
<pin id="226" dir="1" index="3" bw="16" slack="0"/>
</pin_list>
<bind>
<opcode="select(49) " fcode="select"/>
<opset="res_5_0/1 "/>
</bind>
</comp>

<comp id="230" class="1004" name="icmp_ln45_6_fu_230">
<pin_list>
<pin id="231" dir="0" index="0" bw="37" slack="0"/>
<pin id="232" dir="0" index="1" bw="1" slack="0"/>
<pin id="233" dir="1" index="2" bw="1" slack="0"/>
</pin_list>
<bind>
<opcode="icmp(45) " fcode="icmp"/>
<opset="icmp_ln45_6/1 "/>
</bind>
</comp>

<comp id="236" class="1004" name="trunc_ln46_6_fu_236">
<pin_list>
<pin id="237" dir="0" index="0" bw="16" slack="0"/>
<pin id="238" dir="0" index="1" bw="37" slack="0"/>
<pin id="239" dir="0" index="2" bw="5" slack="0"/>
<pin id="240" dir="0" index="3" bw="6" slack="0"/>
<pin id="241" dir="1" index="4" bw="16" slack="0"/>
</pin_list>
<bind>
<opcode="partselect(1002) " fcode="partselect"/>
<opset="trunc_ln46_6/1 "/>
</bind>
</comp>

<comp id="246" class="1004" name="res_6_0_fu_246">
<pin_list>
<pin id="247" dir="0" index="0" bw="1" slack="0"/>
<pin id="248" dir="0" index="1" bw="16" slack="0"/>
<pin id="249" dir="0" index="2" bw="1" slack="0"/>
<pin id="250" dir="1" index="3" bw="16" slack="0"/>
</pin_list>
<bind>
<opcode="select(49) " fcode="select"/>
<opset="res_6_0/1 "/>
</bind>
</comp>

<comp id="254" class="1004" name="icmp_ln45_7_fu_254">
<pin_list>
<pin id="255" dir="0" index="0" bw="37" slack="0"/>
<pin id="256" dir="0" index="1" bw="1" slack="0"/>
<pin id="257" dir="1" index="2" bw="1" slack="0"/>
</pin_list>
<bind>
<opcode="icmp(45) " fcode="icmp"/>
<opset="icmp_ln45_7/1 "/>
</bind>
</comp>

<comp id="260" class="1004" name="trunc_ln46_7_fu_260">
<pin_list>
<pin id="261" dir="0" index="0" bw="16" slack="0"/>
<pin id="262" dir="0" index="1" bw="37" slack="0"/>
<pin id="263" dir="0" index="2" bw="5" slack="0"/>
<pin id="264" dir="0" index="3" bw="6" slack="0"/>
<pin id="265" dir="1" index="4" bw="16" slack="0"/>
</pin_list>
<bind>
<opcode="partselect(1002) " fcode="partselect"/>
<opset="trunc_ln46_7/1 "/>
</bind>
</comp>

<comp id="270" class="1004" name="res_7_0_fu_270">
<pin_list>
<pin id="271" dir="0" index="0" bw="1" slack="0"/>
<pin id="272" dir="0" index="1" bw="16" slack="0"/>
<pin id="273" dir="0" index="2" bw="1" slack="0"/>
<pin id="274" dir="1" index="3" bw="16" slack="0"/>
</pin_list>
<bind>
<opcode="select(49) " fcode="select"/>
<opset="res_7_0/1 "/>
</bind>
</comp>

<comp id="278" class="1004" name="mrv_fu_278">
<pin_list>
<pin id="279" dir="0" index="0" bw="128" slack="0"/>
<pin id="280" dir="0" index="1" bw="16" slack="0"/>
<pin id="281" dir="1" index="2" bw="128" slack="0"/>
</pin_list>
<bind>
<opcode="insertvalue(57) " fcode="insertvalue"/>
<opset="mrv/1 "/>
</bind>
</comp>

<comp id="284" class="1004" name="mrv_1_fu_284">
<pin_list>
<pin id="285" dir="0" index="0" bw="128" slack="0"/>
<pin id="286" dir="0" index="1" bw="16" slack="0"/>
<pin id="287" dir="1" index="2" bw="128" slack="0"/>
</pin_list>
<bind>
<opcode="insertvalue(57) " fcode="insertvalue"/>
<opset="mrv_1/1 "/>
</bind>
</comp>

<comp id="290" class="1004" name="mrv_2_fu_290">
<pin_list>
<pin id="291" dir="0" index="0" bw="128" slack="0"/>
<pin id="292" dir="0" index="1" bw="16" slack="0"/>
<pin id="293" dir="1" index="2" bw="128" slack="0"/>
</pin_list>
<bind>
<opcode="insertvalue(57) " fcode="insertvalue"/>
<opset="mrv_2/1 "/>
</bind>
</comp>

<comp id="296" class="1004" name="mrv_3_fu_296">
<pin_list>
<pin id="297" dir="0" index="0" bw="128" slack="0"/>
<pin id="298" dir="0" index="1" bw="16" slack="0"/>
<pin id="299" dir="1" index="2" bw="128" slack="0"/>
</pin_list>
<bind>
<opcode="insertvalue(57) " fcode="insertvalue"/>
<opset="mrv_3/1 "/>
</bind>
</comp>

<comp id="302" class="1004" name="mrv_4_fu_302">
<pin_list>
<pin id="303" dir="0" index="0" bw="128" slack="0"/>
<pin id="304" dir="0" index="1" bw="16" slack="0"/>
<pin id="305" dir="1" index="2" bw="128" slack="0"/>
</pin_list>
<bind>
<opcode="insertvalue(57) " fcode="insertvalue"/>
<opset="mrv_4/1 "/>
</bind>
</comp>

<comp id="308" class="1004" name="mrv_5_fu_308">
<pin_list>
<pin id="309" dir="0" index="0" bw="128" slack="0"/>
<pin id="310" dir="0" index="1" bw="16" slack="0"/>
<pin id="311" dir="1" index="2" bw="128" slack="0"/>
</pin_list>
<bind>
<opcode="insertvalue(57) " fcode="insertvalue"/>
<opset="mrv_5/1 "/>
</bind>
</comp>

<comp id="314" class="1004" name="mrv_6_fu_314">
<pin_list>
<pin id="315" dir="0" index="0" bw="128" slack="0"/>
<pin id="316" dir="0" index="1" bw="16" slack="0"/>
<pin id="317" dir="1" index="2" bw="128" slack="0"/>
</pin_list>
<bind>
<opcode="insertvalue(57) " fcode="insertvalue"/>
<opset="mrv_6/1 "/>
</bind>
</comp>

<comp id="320" class="1004" name="mrv_7_fu_320">
<pin_list>
<pin id="321" dir="0" index="0" bw="128" slack="0"/>
<pin id="322" dir="0" index="1" bw="16" slack="0"/>
<pin id="323" dir="1" index="2" bw="128" slack="2147483647"/>
</pin_list>
<bind>
<opcode="insertvalue(57) " fcode="insertvalue"/>
<opset="mrv_7/1 "/>
</bind>
</comp>

</comp_list>

<net_list>
<net id="42"><net_src comp="24" pin="0"/><net_sink comp="38" pin=0"/></net>

<net id="43"><net_src comp="14" pin="0"/><net_sink comp="38" pin=1"/></net>

<net id="48"><net_src comp="24" pin="0"/><net_sink comp="44" pin=0"/></net>

<net id="49"><net_src comp="12" pin="0"/><net_sink comp="44" pin=1"/></net>

<net id="54"><net_src comp="24" pin="0"/><net_sink comp="50" pin=0"/></net>

<net id="55"><net_src comp="10" pin="0"/><net_sink comp="50" pin=1"/></net>

<net id="60"><net_src comp="24" pin="0"/><net_sink comp="56" pin=0"/></net>

<net id="61"><net_src comp="8" pin="0"/><net_sink comp="56" pin=1"/></net>

<net id="66"><net_src comp="24" pin="0"/><net_sink comp="62" pin=0"/></net>

<net id="67"><net_src comp="6" pin="0"/><net_sink comp="62" pin=1"/></net>

<net id="72"><net_src comp="24" pin="0"/><net_sink comp="68" pin=0"/></net>

<net id="73"><net_src comp="4" pin="0"/><net_sink comp="68" pin=1"/></net>

<net id="78"><net_src comp="24" pin="0"/><net_sink comp="74" pin=0"/></net>

<net id="79"><net_src comp="2" pin="0"/><net_sink comp="74" pin=1"/></net>

<net id="84"><net_src comp="24" pin="0"/><net_sink comp="80" pin=0"/></net>

<net id="85"><net_src comp="0" pin="0"/><net_sink comp="80" pin=1"/></net>

<net id="90"><net_src comp="80" pin="2"/><net_sink comp="86" pin=0"/></net>

<net id="91"><net_src comp="26" pin="0"/><net_sink comp="86" pin=1"/></net>

<net id="98"><net_src comp="28" pin="0"/><net_sink comp="92" pin=0"/></net>

<net id="99"><net_src comp="80" pin="2"/><net_sink comp="92" pin=1"/></net>

<net id="100"><net_src comp="30" pin="0"/><net_sink comp="92" pin=2"/></net>

<net id="101"><net_src comp="32" pin="0"/><net_sink comp="92" pin=3"/></net>

<net id="107"><net_src comp="86" pin="2"/><net_sink comp="102" pin=0"/></net>

<net id="108"><net_src comp="92" pin="4"/><net_sink comp="102" pin=1"/></net>

<net id="109"><net_src comp="34" pin="0"/><net_sink comp="102" pin=2"/></net>

<net id="114"><net_src comp="74" pin="2"/><net_sink comp="110" pin=0"/></net>

<net id="115"><net_src comp="26" pin="0"/><net_sink comp="110" pin=1"/></net>

<net id="122"><net_src comp="28" pin="0"/><net_sink comp="116" pin=0"/></net>

<net id="123"><net_src comp="74" pin="2"/><net_sink comp="116" pin=1"/></net>

<net id="124"><net_src comp="30" pin="0"/><net_sink comp="116" pin=2"/></net>

<net id="125"><net_src comp="32" pin="0"/><net_sink comp="116" pin=3"/></net>

<net id="131"><net_src comp="110" pin="2"/><net_sink comp="126" pin=0"/></net>

<net id="132"><net_src comp="116" pin="4"/><net_sink comp="126" pin=1"/></net>

<net id="133"><net_src comp="34" pin="0"/><net_sink comp="126" pin=2"/></net>

<net id="138"><net_src comp="68" pin="2"/><net_sink comp="134" pin=0"/></net>

<net id="139"><net_src comp="26" pin="0"/><net_sink comp="134" pin=1"/></net>

<net id="146"><net_src comp="28" pin="0"/><net_sink comp="140" pin=0"/></net>

<net id="147"><net_src comp="68" pin="2"/><net_sink comp="140" pin=1"/></net>

<net id="148"><net_src comp="30" pin="0"/><net_sink comp="140" pin=2"/></net>

<net id="149"><net_src comp="32" pin="0"/><net_sink comp="140" pin=3"/></net>

<net id="155"><net_src comp="134" pin="2"/><net_sink comp="150" pin=0"/></net>

<net id="156"><net_src comp="140" pin="4"/><net_sink comp="150" pin=1"/></net>

<net id="157"><net_src comp="34" pin="0"/><net_sink comp="150" pin=2"/></net>

<net id="162"><net_src comp="62" pin="2"/><net_sink comp="158" pin=0"/></net>

<net id="163"><net_src comp="26" pin="0"/><net_sink comp="158" pin=1"/></net>

<net id="170"><net_src comp="28" pin="0"/><net_sink comp="164" pin=0"/></net>

<net id="171"><net_src comp="62" pin="2"/><net_sink comp="164" pin=1"/></net>

<net id="172"><net_src comp="30" pin="0"/><net_sink comp="164" pin=2"/></net>

<net id="173"><net_src comp="32" pin="0"/><net_sink comp="164" pin=3"/></net>

<net id="179"><net_src comp="158" pin="2"/><net_sink comp="174" pin=0"/></net>

<net id="180"><net_src comp="164" pin="4"/><net_sink comp="174" pin=1"/></net>

<net id="181"><net_src comp="34" pin="0"/><net_sink comp="174" pin=2"/></net>

<net id="186"><net_src comp="56" pin="2"/><net_sink comp="182" pin=0"/></net>

<net id="187"><net_src comp="26" pin="0"/><net_sink comp="182" pin=1"/></net>

<net id="194"><net_src comp="28" pin="0"/><net_sink comp="188" pin=0"/></net>

<net id="195"><net_src comp="56" pin="2"/><net_sink comp="188" pin=1"/></net>

<net id="196"><net_src comp="30" pin="0"/><net_sink comp="188" pin=2"/></net>

<net id="197"><net_src comp="32" pin="0"/><net_sink comp="188" pin=3"/></net>

<net id="203"><net_src comp="182" pin="2"/><net_sink comp="198" pin=0"/></net>

<net id="204"><net_src comp="188" pin="4"/><net_sink comp="198" pin=1"/></net>

<net id="205"><net_src comp="34" pin="0"/><net_sink comp="198" pin=2"/></net>

<net id="210"><net_src comp="50" pin="2"/><net_sink comp="206" pin=0"/></net>

<net id="211"><net_src comp="26" pin="0"/><net_sink comp="206" pin=1"/></net>

<net id="218"><net_src comp="28" pin="0"/><net_sink comp="212" pin=0"/></net>

<net id="219"><net_src comp="50" pin="2"/><net_sink comp="212" pin=1"/></net>

<net id="220"><net_src comp="30" pin="0"/><net_sink comp="212" pin=2"/></net>

<net id="221"><net_src comp="32" pin="0"/><net_sink comp="212" pin=3"/></net>

<net id="227"><net_src comp="206" pin="2"/><net_sink comp="222" pin=0"/></net>

<net id="228"><net_src comp="212" pin="4"/><net_sink comp="222" pin=1"/></net>

<net id="229"><net_src comp="34" pin="0"/><net_sink comp="222" pin=2"/></net>

<net id="234"><net_src comp="44" pin="2"/><net_sink comp="230" pin=0"/></net>

<net id="235"><net_src comp="26" pin="0"/><net_sink comp="230" pin=1"/></net>

<net id="242"><net_src comp="28" pin="0"/><net_sink comp="236" pin=0"/></net>

<net id="243"><net_src comp="44" pin="2"/><net_sink comp="236" pin=1"/></net>

<net id="244"><net_src comp="30" pin="0"/><net_sink comp="236" pin=2"/></net>

<net id="245"><net_src comp="32" pin="0"/><net_sink comp="236" pin=3"/></net>

<net id="251"><net_src comp="230" pin="2"/><net_sink comp="246" pin=0"/></net>

<net id="252"><net_src comp="236" pin="4"/><net_sink comp="246" pin=1"/></net>

<net id="253"><net_src comp="34" pin="0"/><net_sink comp="246" pin=2"/></net>

<net id="258"><net_src comp="38" pin="2"/><net_sink comp="254" pin=0"/></net>

<net id="259"><net_src comp="26" pin="0"/><net_sink comp="254" pin=1"/></net>

<net id="266"><net_src comp="28" pin="0"/><net_sink comp="260" pin=0"/></net>

<net id="267"><net_src comp="38" pin="2"/><net_sink comp="260" pin=1"/></net>

<net id="268"><net_src comp="30" pin="0"/><net_sink comp="260" pin=2"/></net>

<net id="269"><net_src comp="32" pin="0"/><net_sink comp="260" pin=3"/></net>

<net id="275"><net_src comp="254" pin="2"/><net_sink comp="270" pin=0"/></net>

<net id="276"><net_src comp="260" pin="4"/><net_sink comp="270" pin=1"/></net>

<net id="277"><net_src comp="34" pin="0"/><net_sink comp="270" pin=2"/></net>

<net id="282"><net_src comp="36" pin="0"/><net_sink comp="278" pin=0"/></net>

<net id="283"><net_src comp="102" pin="3"/><net_sink comp="278" pin=1"/></net>

<net id="288"><net_src comp="278" pin="2"/><net_sink comp="284" pin=0"/></net>

<net id="289"><net_src comp="126" pin="3"/><net_sink comp="284" pin=1"/></net>

<net id="294"><net_src comp="284" pin="2"/><net_sink comp="290" pin=0"/></net>

<net id="295"><net_src comp="150" pin="3"/><net_sink comp="290" pin=1"/></net>

<net id="300"><net_src comp="290" pin="2"/><net_sink comp="296" pin=0"/></net>

<net id="301"><net_src comp="174" pin="3"/><net_sink comp="296" pin=1"/></net>

<net id="306"><net_src comp="296" pin="2"/><net_sink comp="302" pin=0"/></net>

<net id="307"><net_src comp="198" pin="3"/><net_sink comp="302" pin=1"/></net>

<net id="312"><net_src comp="302" pin="2"/><net_sink comp="308" pin=0"/></net>

<net id="313"><net_src comp="222" pin="3"/><net_sink comp="308" pin=1"/></net>

<net id="318"><net_src comp="308" pin="2"/><net_sink comp="314" pin=0"/></net>

<net id="319"><net_src comp="246" pin="3"/><net_sink comp="314" pin=1"/></net>

<net id="324"><net_src comp="314" pin="2"/><net_sink comp="320" pin=0"/></net>

<net id="325"><net_src comp="270" pin="3"/><net_sink comp="320" pin=1"/></net>

</net_list>

</model> 
---------------- Datapath Model END ------------------

* FSMD analyzer results:
  - Output states:
 - Input state : 
	Port: relu<ap_fixed<37, 17, 5, 3, 0>, ap_fixed<16, 6, 5, 3, 0>, relu_config3> : data_0_val | {1 }
	Port: relu<ap_fixed<37, 17, 5, 3, 0>, ap_fixed<16, 6, 5, 3, 0>, relu_config3> : data_1_val | {1 }
	Port: relu<ap_fixed<37, 17, 5, 3, 0>, ap_fixed<16, 6, 5, 3, 0>, relu_config3> : data_2_val | {1 }
	Port: relu<ap_fixed<37, 17, 5, 3, 0>, ap_fixed<16, 6, 5, 3, 0>, relu_config3> : data_3_val | {1 }
	Port: relu<ap_fixed<37, 17, 5, 3, 0>, ap_fixed<16, 6, 5, 3, 0>, relu_config3> : data_4_val | {1 }
	Port: relu<ap_fixed<37, 17, 5, 3, 0>, ap_fixed<16, 6, 5, 3, 0>, relu_config3> : data_5_val | {1 }
	Port: relu<ap_fixed<37, 17, 5, 3, 0>, ap_fixed<16, 6, 5, 3, 0>, relu_config3> : data_6_val | {1 }
	Port: relu<ap_fixed<37, 17, 5, 3, 0>, ap_fixed<16, 6, 5, 3, 0>, relu_config3> : data_7_val | {1 }
  - Chain level:
	State 1
		res_0_0 : 1
		res_1_0 : 1
		res_2_0 : 1
		res_3_0 : 1
		res_4_0 : 1
		res_5_0 : 1
		res_6_0 : 1
		res_7_0 : 1
		mrv : 2
		mrv_1 : 3
		mrv_2 : 4
		mrv_3 : 5
		mrv_4 : 6
		mrv_5 : 7
		mrv_6 : 8
		mrv_7 : 9
		ret_ln50 : 10


============================================================
+ Verbose Summary: Datapath Resource usage 
============================================================

* Functional unit list:
|----------|----------------------------|---------|---------|
| Operation|       Functional Unit      |    FF   |   LUT   |
|----------|----------------------------|---------|---------|
|          |       icmp_ln45_fu_86      |    0    |    44   |
|          |     icmp_ln45_1_fu_110     |    0    |    44   |
|          |     icmp_ln45_2_fu_134     |    0    |    44   |
|   icmp   |     icmp_ln45_3_fu_158     |    0    |    44   |
|          |     icmp_ln45_4_fu_182     |    0    |    44   |
|          |     icmp_ln45_5_fu_206     |    0    |    44   |
|          |     icmp_ln45_6_fu_230     |    0    |    44   |
|          |     icmp_ln45_7_fu_254     |    0    |    44   |
|----------|----------------------------|---------|---------|
|          |       res_0_0_fu_102       |    0    |    16   |
|          |       res_1_0_fu_126       |    0    |    16   |
|          |       res_2_0_fu_150       |    0    |    16   |
|  select  |       res_3_0_fu_174       |    0    |    16   |
|          |       res_4_0_fu_198       |    0    |    16   |
|          |       res_5_0_fu_222       |    0    |    16   |
|          |       res_6_0_fu_246       |    0    |    16   |
|          |       res_7_0_fu_270       |    0    |    16   |
|----------|----------------------------|---------|---------|
|          | data_7_val_read_read_fu_38 |    0    |    0    |
|          | data_6_val_read_read_fu_44 |    0    |    0    |
|          | data_5_val_read_read_fu_50 |    0    |    0    |
|   read   | data_4_val_read_read_fu_56 |    0    |    0    |
|          | data_3_val_read_read_fu_62 |    0    |    0    |
|          | data_2_val_read_read_fu_68 |    0    |    0    |
|          | data_1_val_read_read_fu_74 |    0    |    0    |
|          | data_0_val_read_read_fu_80 |    0    |    0    |
|----------|----------------------------|---------|---------|
|          |       trunc_ln_fu_92       |    0    |    0    |
|          |     trunc_ln46_1_fu_116    |    0    |    0    |
|          |     trunc_ln46_2_fu_140    |    0    |    0    |
|partselect|     trunc_ln46_3_fu_164    |    0    |    0    |
|          |     trunc_ln46_4_fu_188    |    0    |    0    |
|          |     trunc_ln46_5_fu_212    |    0    |    0    |
|          |     trunc_ln46_6_fu_236    |    0    |    0    |
|          |     trunc_ln46_7_fu_260    |    0    |    0    |
|----------|----------------------------|---------|---------|
|          |         mrv_fu_278         |    0    |    0    |
|          |        mrv_1_fu_284        |    0    |    0    |
|          |        mrv_2_fu_290        |    0    |    0    |
|insertvalue|        mrv_3_fu_296        |    0    |    0    |
|          |        mrv_4_fu_302        |    0    |    0    |
|          |        mrv_5_fu_308        |    0    |    0    |
|          |        mrv_6_fu_314        |    0    |    0    |
|          |        mrv_7_fu_320        |    0    |    0    |
|----------|----------------------------|---------|---------|
|   Total  |                            |    0    |   480   |
|----------|----------------------------|---------|---------|

Memories:
N/A

* Register list:
N/A

* Multiplexer (MUX) list: 
|--------|------|------|------|--------|
|  Comp  |  Pin | Size |  BW  | S x BW |
|--------|------|------|------|--------|
|  Total |      |      |      |    0   |
|--------|------|------|------|--------|



* Summary:
+-----------+--------+--------+
|           |   FF   |   LUT  |
+-----------+--------+--------+
|  Function |    0   |   480  |
|   Memory  |    -   |    -   |
|Multiplexer|    -   |    -   |
|  Register |    -   |    -   |
+-----------+--------+--------+
|   Total   |    0   |   480  |
+-----------+--------+--------+
