

================================================================
== Vitis HLS Report for 'relu_ap_fixed_37_17_5_3_0_ap_fixed_16_6_5_3_0_relu_config3_s'
================================================================
* Date:           Tue Sep 23 19:05:48 2025

* Version:        2024.1 (Build 5069499 on May 21 2024)
* Project:        myproject_prj
* Solution:       solution1 (Vivado IP Flow Target)
* Product family: virtexuplusHBM
* Target device:  xcvu47p-fsvh2892-2-e


================================================================
== Performance Estimates
================================================================
+ Timing: 
    * Summary: 
    +--------+---------+----------+------------+
    |  Clock |  Target | Estimated| Uncertainty|
    +--------+---------+----------+------------+
    |ap_clk  |  5.00 ns|  1.175 ns|     1.35 ns|
    +--------+---------+----------+------------+

+ Latency: 
    * Summary: 
    +---------+---------+----------+----------+-----+-----+---------+
    |  Latency (cycles) |  Latency (absolute) |  Interval | Pipeline|
    |   min   |   max   |    min   |    max   | min | max |   Type  |
    +---------+---------+----------+----------+-----+-----+---------+
    |        0|        0|      0 ns|      0 ns|    1|    1|      yes|
    +---------+---------+----------+----------+-----+-----+---------+

    + Detail: 
        * Instance: 
        N/A

        * Loop: 
        N/A

============================================================
+ Verbose Summary: Synthesis Manager
============================================================
InlineROM: 1
ExposeGlobal: 0
============================================================
+ Verbose Summary: CDFG Model
============================================================
IsTopModel: 0
ResetActiveHigh: 1
IsCombinational: 0
IsDatapathOnly: 0
HasWiredReturn: 1
HasMFsm: 2
HasVarLatency: 0
IsPipeline: 1
IsRtlPipelined: 0
IsInstanceOverlapped: 0
IsDontTouch: 0
HasImplIP: 0
IsGatedGlobalClock: 0

+ Individual pipeline summary: 
  * Pipeline-0: initiation interval (II) = 1, depth = 1


============================================================
+ Verbose Summary: Schedule
============================================================
* Number of FSM states : 1
* Pipeline : 1
  Pipeline-0 : II = 1, D = 1, States = { 1 }
* Dataflow Pipeline: 0

* FSM state transitions: 
1 --> 

* FSM state operations: 

State 1 <SV = 0> <Delay = 1.17>
ST_1 : Operation 2 [1/1] (0.00ns)   --->   "%specpipeline_ln42 = specpipeline void @_ssdm_op_SpecPipeline, i32 4294967295, i32 0, i32 0, i32 0, void @empty_0" [firmware/nnet_utils/nnet_activation.h:42]   --->   Operation 2 'specpipeline' 'specpipeline_ln42' <Predicate = true> <Delay = 0.00>
ST_1 : Operation 3 [1/1] (0.00ns)   --->   "%data_7_val_read = read i37 @_ssdm_op_Read.ap_auto.i37, i37 %data_7_val" [firmware/nnet_utils/nnet_activation.h:42]   --->   Operation 3 'read' 'data_7_val_read' <Predicate = true> <Delay = 0.00>
ST_1 : Operation 4 [1/1] (0.00ns)   --->   "%data_6_val_read = read i37 @_ssdm_op_Read.ap_auto.i37, i37 %data_6_val" [firmware/nnet_utils/nnet_activation.h:42]   --->   Operation 4 'read' 'data_6_val_read' <Predicate = true> <Delay = 0.00>
ST_1 : Operation 5 [1/1] (0.00ns)   --->   "%data_5_val_read = read i37 @_ssdm_op_Read.ap_auto.i37, i37 %data_5_val" [firmware/nnet_utils/nnet_activation.h:42]   --->   Operation 5 'read' 'data_5_val_read' <Predicate = true> <Delay = 0.00>
ST_1 : Operation 6 [1/1] (0.00ns)   --->   "%data_4_val_read = read i37 @_ssdm_op_Read.ap_auto.i37, i37 %data_4_val" [firmware/nnet_utils/nnet_activation.h:42]   --->   Operation 6 'read' 'data_4_val_read' <Predicate = true> <Delay = 0.00>
ST_1 : Operation 7 [1/1] (0.00ns)   --->   "%data_3_val_read = read i37 @_ssdm_op_Read.ap_auto.i37, i37 %data_3_val" [firmware/nnet_utils/nnet_activation.h:42]   --->   Operation 7 'read' 'data_3_val_read' <Predicate = true> <Delay = 0.00>
ST_1 : Operation 8 [1/1] (0.00ns)   --->   "%data_2_val_read = read i37 @_ssdm_op_Read.ap_auto.i37, i37 %data_2_val" [firmware/nnet_utils/nnet_activation.h:42]   --->   Operation 8 'read' 'data_2_val_read' <Predicate = true> <Delay = 0.00>
ST_1 : Operation 9 [1/1] (0.00ns)   --->   "%data_1_val_read = read i37 @_ssdm_op_Read.ap_auto.i37, i37 %data_1_val" [firmware/nnet_utils/nnet_activation.h:42]   --->   Operation 9 'read' 'data_1_val_read' <Predicate = true> <Delay = 0.00>
ST_1 : Operation 10 [1/1] (0.00ns)   --->   "%data_0_val_read = read i37 @_ssdm_op_Read.ap_auto.i37, i37 %data_0_val" [firmware/nnet_utils/nnet_activation.h:42]   --->   Operation 10 'read' 'data_0_val_read' <Predicate = true> <Delay = 0.00>
ST_1 : Operation 11 [1/1] (0.93ns)   --->   "%icmp_ln45 = icmp_sgt  i37 %data_0_val_read, i37 0" [firmware/nnet_utils/nnet_activation.h:45]   --->   Operation 11 'icmp' 'icmp_ln45' <Predicate = true> <Delay = 0.93> <CoreInst = "Cmp">   --->   Core 9 'Cmp' <Latency = 0> <II = 1> <Delay = 0.93> <FuncUnit> <Opcode : 'seteq' 'setne' 'setle' 'setge' 'setlt' 'setgt'> <InPorts = 2> <OutPorts = 1>
ST_1 : Operation 12 [1/1] (0.00ns)   --->   "%trunc_ln = partselect i16 @_ssdm_op_PartSelect.i16.i37.i32.i32, i37 %data_0_val_read, i32 10, i32 25" [firmware/nnet_utils/nnet_activation.h:46]   --->   Operation 12 'partselect' 'trunc_ln' <Predicate = (icmp_ln45)> <Delay = 0.00>
ST_1 : Operation 13 [1/1] (0.24ns)   --->   "%res_0_0 = select i1 %icmp_ln45, i16 %trunc_ln, i16 0" [firmware/nnet_utils/nnet_activation.h:45]   --->   Operation 13 'select' 'res_0_0' <Predicate = true> <Delay = 0.24> <CoreInst = "Sel">   --->   Core 73 'Sel' <Latency = 0> <II = 1> <Delay = 0.24> <FuncUnit> <Opcode : 'select'> <InPorts = 3> <OutPorts = 1>
ST_1 : Operation 14 [1/1] (0.93ns)   --->   "%icmp_ln45_1 = icmp_sgt  i37 %data_1_val_read, i37 0" [firmware/nnet_utils/nnet_activation.h:45]   --->   Operation 14 'icmp' 'icmp_ln45_1' <Predicate = true> <Delay = 0.93> <CoreInst = "Cmp">   --->   Core 9 'Cmp' <Latency = 0> <II = 1> <Delay = 0.93> <FuncUnit> <Opcode : 'seteq' 'setne' 'setle' 'setge' 'setlt' 'setgt'> <InPorts = 2> <OutPorts = 1>
ST_1 : Operation 15 [1/1] (0.00ns)   --->   "%trunc_ln46_1 = partselect i16 @_ssdm_op_PartSelect.i16.i37.i32.i32, i37 %data_1_val_read, i32 10, i32 25" [firmware/nnet_utils/nnet_activation.h:46]   --->   Operation 15 'partselect' 'trunc_ln46_1' <Predicate = (icmp_ln45_1)> <Delay = 0.00>
ST_1 : Operation 16 [1/1] (0.24ns)   --->   "%res_1_0 = select i1 %icmp_ln45_1, i16 %trunc_ln46_1, i16 0" [firmware/nnet_utils/nnet_activation.h:45]   --->   Operation 16 'select' 'res_1_0' <Predicate = true> <Delay = 0.24> <CoreInst = "Sel">   --->   Core 73 'Sel' <Latency = 0> <II = 1> <Delay = 0.24> <FuncUnit> <Opcode : 'select'> <InPorts = 3> <OutPorts = 1>
ST_1 : Operation 17 [1/1] (0.93ns)   --->   "%icmp_ln45_2 = icmp_sgt  i37 %data_2_val_read, i37 0" [firmware/nnet_utils/nnet_activation.h:45]   --->   Operation 17 'icmp' 'icmp_ln45_2' <Predicate = true> <Delay = 0.93> <CoreInst = "Cmp">   --->   Core 9 'Cmp' <Latency = 0> <II = 1> <Delay = 0.93> <FuncUnit> <Opcode : 'seteq' 'setne' 'setle' 'setge' 'setlt' 'setgt'> <InPorts = 2> <OutPorts = 1>
ST_1 : Operation 18 [1/1] (0.00ns)   --->   "%trunc_ln46_2 = partselect i16 @_ssdm_op_PartSelect.i16.i37.i32.i32, i37 %data_2_val_read, i32 10, i32 25" [firmware/nnet_utils/nnet_activation.h:46]   --->   Operation 18 'partselect' 'trunc_ln46_2' <Predicate = (icmp_ln45_2)> <Delay = 0.00>
ST_1 : Operation 19 [1/1] (0.24ns)   --->   "%res_2_0 = select i1 %icmp_ln45_2, i16 %trunc_ln46_2, i16 0" [firmware/nnet_utils/nnet_activation.h:45]   --->   Operation 19 'select' 'res_2_0' <Predicate = true> <Delay = 0.24> <CoreInst = "Sel">   --->   Core 73 'Sel' <Latency = 0> <II = 1> <Delay = 0.24> <FuncUnit> <Opcode : 'select'> <InPorts = 3> <OutPorts = 1>
ST_1 : Operation 20 [1/1] (0.93ns)   --->   "%icmp_ln45_3 = icmp_sgt  i37 %data_3_val_read, i37 0" [firmware/nnet_utils/nnet_activation.h:45]   --->   Operation 20 'icmp' 'icmp_ln45_3' <Predicate = true> <Delay = 0.93> <CoreInst = "Cmp">   --->   Core 9 'Cmp' <Latency = 0> <II = 1> <Delay = 0.93> <FuncUnit> <Opcode : 'seteq' 'setne' 'setle' 'setge' 'setlt' 'setgt'> <InPorts = 2> <OutPorts = 1>
ST_1 : Operation 21 [1/1] (0.00ns)   --->   "%trunc_ln46_3 = partselect i16 @_ssdm_op_PartSelect.i16.i37.i32.i32, i37 %data_3_val_read, i32 10, i32 25" [firmware/nnet_utils/nnet_activation.h:46]   --->   Operation 21 'partselect' 'trunc_ln46_3' <Predicate = (icmp_ln45_3)> <Delay = 0.00>
ST_1 : Operation 22 [1/1] (0.24ns)   --->   "%res_3_0 = select i1 %icmp_ln45_3, i16 %trunc_ln46_3, i16 0" [firmware/nnet_utils/nnet_activation.h:45]   --->   Operation 22 'select' 'res_3_0' <Predicate = true> <Delay = 0.24> <CoreInst = "Sel">   --->   Core 73 'Sel' <Latency = 0> <II = 1> <Delay = 0.24> <FuncUnit> <Opcode : 'select'> <InPorts = 3> <OutPorts = 1>
ST_1 : Operation 23 [1/1] (0.93ns)   --->   "%icmp_ln45_4 = icmp_sgt  i37 %data_4_val_read, i37 0" [firmware/nnet_utils/nnet_activation.h:45]   --->   Operation 23 'icmp' 'icmp_ln45_4' <Predicate = true> <Delay = 0.93> <CoreInst = "Cmp">   --->   Core 9 'Cmp' <Latency = 0> <II = 1> <Delay = 0.93> <FuncUnit> <Opcode : 'seteq' 'setne' 'setle' 'setge' 'setlt' 'setgt'> <InPorts = 2> <OutPorts = 1>
ST_1 : Operation 24 [1/1] (0.00ns)   --->   "%trunc_ln46_4 = partselect i16 @_ssdm_op_PartSelect.i16.i37.i32.i32, i37 %data_4_val_read, i32 10, i32 25" [firmware/nnet_utils/nnet_activation.h:46]   --->   Operation 24 'partselect' 'trunc_ln46_4' <Predicate = (icmp_ln45_4)> <Delay = 0.00>
ST_1 : Operation 25 [1/1] (0.24ns)   --->   "%res_4_0 = select i1 %icmp_ln45_4, i16 %trunc_ln46_4, i16 0" [firmware/nnet_utils/nnet_activation.h:45]   --->   Operation 25 'select' 'res_4_0' <Predicate = true> <Delay = 0.24> <CoreInst = "Sel">   --->   Core 73 'Sel' <Latency = 0> <II = 1> <Delay = 0.24> <FuncUnit> <Opcode : 'select'> <InPorts = 3> <OutPorts = 1>
ST_1 : Operation 26 [1/1] (0.93ns)   --->   "%icmp_ln45_5 = icmp_sgt  i37 %data_5_val_read, i37 0" [firmware/nnet_utils/nnet_activation.h:45]   --->   Operation 26 'icmp' 'icmp_ln45_5' <Predicate = true> <Delay = 0.93> <CoreInst = "Cmp">   --->   Core 9 'Cmp' <Latency = 0> <II = 1> <Delay = 0.93> <FuncUnit> <Opcode : 'seteq' 'setne' 'setle' 'setge' 'setlt' 'setgt'> <InPorts = 2> <OutPorts = 1>
ST_1 : Operation 27 [1/1] (0.00ns)   --->   "%trunc_ln46_5 = partselect i16 @_ssdm_op_PartSelect.i16.i37.i32.i32, i37 %data_5_val_read, i32 10, i32 25" [firmware/nnet_utils/nnet_activation.h:46]   --->   Operation 27 'partselect' 'trunc_ln46_5' <Predicate = (icmp_ln45_5)> <Delay = 0.00>
ST_1 : Operation 28 [1/1] (0.24ns)   --->   "%res_5_0 = select i1 %icmp_ln45_5, i16 %trunc_ln46_5, i16 0" [firmware/nnet_utils/nnet_activation.h:45]   --->   Operation 28 'select' 'res_5_0' <Predicate = true> <Delay = 0.24> <CoreInst = "Sel">   --->   Core 73 'Sel' <Latency = 0> <II = 1> <Delay = 0.24> <FuncUnit> <Opcode : 'select'> <InPorts = 3> <OutPorts = 1>
ST_1 : Operation 29 [1/1] (0.93ns)   --->   "%icmp_ln45_6 = icmp_sgt  i37 %data_6_val_read, i37 0" [firmware/nnet_utils/nnet_activation.h:45]   --->   Operation 29 'icmp' 'icmp_ln45_6' <Predicate = true> <Delay = 0.93> <CoreInst = "Cmp">   --->   Core 9 'Cmp' <Latency = 0> <II = 1> <Delay = 0.93> <FuncUnit> <Opcode : 'seteq' 'setne' 'setle' 'setge' 'setlt' 'setgt'> <InPorts = 2> <OutPorts = 1>
ST_1 : Operation 30 [1/1] (0.00ns)   --->   "%trunc_ln46_6 = partselect i16 @_ssdm_op_PartSelect.i16.i37.i32.i32, i37 %data_6_val_read, i32 10, i32 25" [firmware/nnet_utils/nnet_activation.h:46]   --->   Operation 30 'partselect' 'trunc_ln46_6' <Predicate = (icmp_ln45_6)> <Delay = 0.00>
ST_1 : Operation 31 [1/1] (0.24ns)   --->   "%res_6_0 = select i1 %icmp_ln45_6, i16 %trunc_ln46_6, i16 0" [firmware/nnet_utils/nnet_activation.h:45]   --->   Operation 31 'select' 'res_6_0' <Predicate = true> <Delay = 0.24> <CoreInst = "Sel">   --->   Core 73 'Sel' <Latency = 0> <II = 1> <Delay = 0.24> <FuncUnit> <Opcode : 'select'> <InPorts = 3> <OutPorts = 1>
ST_1 : Operation 32 [1/1] (0.93ns)   --->   "%icmp_ln45_7 = icmp_sgt  i37 %data_7_val_read, i37 0" [firmware/nnet_utils/nnet_activation.h:45]   --->   Operation 32 'icmp' 'icmp_ln45_7' <Predicate = true> <Delay = 0.93> <CoreInst = "Cmp">   --->   Core 9 'Cmp' <Latency = 0> <II = 1> <Delay = 0.93> <FuncUnit> <Opcode : 'seteq' 'setne' 'setle' 'setge' 'setlt' 'setgt'> <InPorts = 2> <OutPorts = 1>
ST_1 : Operation 33 [1/1] (0.00ns)   --->   "%trunc_ln46_7 = partselect i16 @_ssdm_op_PartSelect.i16.i37.i32.i32, i37 %data_7_val_read, i32 10, i32 25" [firmware/nnet_utils/nnet_activation.h:46]   --->   Operation 33 'partselect' 'trunc_ln46_7' <Predicate = (icmp_ln45_7)> <Delay = 0.00>
ST_1 : Operation 34 [1/1] (0.24ns)   --->   "%res_7_0 = select i1 %icmp_ln45_7, i16 %trunc_ln46_7, i16 0" [firmware/nnet_utils/nnet_activation.h:45]   --->   Operation 34 'select' 'res_7_0' <Predicate = true> <Delay = 0.24> <CoreInst = "Sel">   --->   Core 73 'Sel' <Latency = 0> <II = 1> <Delay = 0.24> <FuncUnit> <Opcode : 'select'> <InPorts = 3> <OutPorts = 1>
ST_1 : Operation 35 [1/1] (0.00ns)   --->   "%mrv = insertvalue i128 <undef>, i16 %res_0_0" [firmware/nnet_utils/nnet_activation.h:50]   --->   Operation 35 'insertvalue' 'mrv' <Predicate = true> <Delay = 0.00>
ST_1 : Operation 36 [1/1] (0.00ns)   --->   "%mrv_1 = insertvalue i128 %mrv, i16 %res_1_0" [firmware/nnet_utils/nnet_activation.h:50]   --->   Operation 36 'insertvalue' 'mrv_1' <Predicate = true> <Delay = 0.00>
ST_1 : Operation 37 [1/1] (0.00ns)   --->   "%mrv_2 = insertvalue i128 %mrv_1, i16 %res_2_0" [firmware/nnet_utils/nnet_activation.h:50]   --->   Operation 37 'insertvalue' 'mrv_2' <Predicate = true> <Delay = 0.00>
ST_1 : Operation 38 [1/1] (0.00ns)   --->   "%mrv_3 = insertvalue i128 %mrv_2, i16 %res_3_0" [firmware/nnet_utils/nnet_activation.h:50]   --->   Operation 38 'insertvalue' 'mrv_3' <Predicate = true> <Delay = 0.00>
ST_1 : Operation 39 [1/1] (0.00ns)   --->   "%mrv_4 = insertvalue i128 %mrv_3, i16 %res_4_0" [firmware/nnet_utils/nnet_activation.h:50]   --->   Operation 39 'insertvalue' 'mrv_4' <Predicate = true> <Delay = 0.00>
ST_1 : Operation 40 [1/1] (0.00ns)   --->   "%mrv_5 = insertvalue i128 %mrv_4, i16 %res_5_0" [firmware/nnet_utils/nnet_activation.h:50]   --->   Operation 40 'insertvalue' 'mrv_5' <Predicate = true> <Delay = 0.00>
ST_1 : Operation 41 [1/1] (0.00ns)   --->   "%mrv_6 = insertvalue i128 %mrv_5, i16 %res_6_0" [firmware/nnet_utils/nnet_activation.h:50]   --->   Operation 41 'insertvalue' 'mrv_6' <Predicate = true> <Delay = 0.00>
ST_1 : Operation 42 [1/1] (0.00ns)   --->   "%mrv_7 = insertvalue i128 %mrv_6, i16 %res_7_0" [firmware/nnet_utils/nnet_activation.h:50]   --->   Operation 42 'insertvalue' 'mrv_7' <Predicate = true> <Delay = 0.00>
ST_1 : Operation 43 [1/1] (0.00ns)   --->   "%ret_ln50 = ret i128 %mrv_7" [firmware/nnet_utils/nnet_activation.h:50]   --->   Operation 43 'ret' 'ret_ln50' <Predicate = true> <Delay = 0.00>


============================================================
+ Verbose Summary: Timing violations
============================================================
Target clock period: 5.000ns, clock uncertainty: 1.350ns.

 <State 1>: 1.175ns
The critical path consists of the following:
	wire read operation ('data_0_val_read', firmware/nnet_utils/nnet_activation.h:42) on port 'data_0_val' (firmware/nnet_utils/nnet_activation.h:42) [17]  (0.000 ns)
	'icmp' operation 1 bit ('icmp_ln45', firmware/nnet_utils/nnet_activation.h:45) [18]  (0.932 ns)
	'select' operation 16 bit ('res_0_0', firmware/nnet_utils/nnet_activation.h:45) [20]  (0.243 ns)


============================================================
+ Verbose Summary: Binding
============================================================
N/A
* FSMD analyzer results:
  - Output states:
 - Input state : 
  - Chain level:
	State 1


============================================================
+ Verbose Summary: Datapath Resource usage 
============================================================
N/A
